Archive member included to satisfy reference by file (symbol)

../../libDaisy//build\libdaisy.a(daisy_seed.o)
                              build/WarpDrive.o (daisy::DaisySeed::Configure())
../../libDaisy//build\libdaisy.a(codec_ak4556.o)
                              ../../libDaisy//build\libdaisy.a(daisy_seed.o) (daisy::Ak4556::Init(dsy_gpio_pin))
../../libDaisy//build\libdaisy.a(codec_wm8731.o)
                              ../../libDaisy//build\libdaisy.a(daisy_seed.o) (daisy::Wm8731::Init(daisy::Wm8731::Config const&, daisy::I2CHandle))
../../libDaisy//build\libdaisy.a(sdram.o)
                              ../../libDaisy//build\libdaisy.a(daisy_seed.o) (SdramHandle::Init())
../../libDaisy//build\libdaisy.a(audio.o)
                              ../../libDaisy//build\libdaisy.a(daisy_seed.o) (daisy::AudioHandle::Init(daisy::AudioHandle::Config const&, daisy::SaiHandle))
../../libDaisy//build\libdaisy.a(logger.o)
                              build/WarpDrive.o (daisy::Logger<(daisy::LoggerDestination)1>::PrintLine(char const*, ...))
../../libDaisy//build\libdaisy.a(switch.o)
                              build/WarpDrive.o (daisy::Switch::Init(dsy_gpio_pin, float, daisy::Switch::Type, daisy::Switch::Polarity, daisy::Switch::Pull))
../../libDaisy//build\libdaisy.a(usb.o)
                              ../../libDaisy//build\libdaisy.a(logger.o) (daisy::UsbHandle::Init(daisy::UsbHandle::UsbPeriph))
../../libDaisy//build\libdaisy.a(adc.o)
                              build/WarpDrive.o (daisy::AdcChannelConfig::InitSingle(dsy_gpio_pin, daisy::AdcChannelConfig::ConversionSpeed))
../../libDaisy//build\libdaisy.a(gpio.o)
                              ../../libDaisy//build\libdaisy.a(daisy_seed.o) (daisy::GPIO::Init(daisy::Pin, daisy::GPIO::Mode, daisy::GPIO::Pull, daisy::GPIO::Speed))
../../libDaisy//build\libdaisy.a(i2c.o)
                              build/WarpDrive.o (daisy::I2CHandle::Init(daisy::I2CHandle::Config const&))
../../libDaisy//build\libdaisy.a(qspi.o)
                              ../../libDaisy//build\libdaisy.a(daisy_seed.o) (daisy::QSPIHandle::Init(daisy::QSPIHandle::Config const&))
../../libDaisy//build\libdaisy.a(sai.o)
                              ../../libDaisy//build\libdaisy.a(daisy_seed.o) (daisy::SaiHandle::Init(daisy::SaiHandle::Config const&))
../../libDaisy//build\libdaisy.a(tim.o)
                              build/WarpDrive.o (daisy::TimerHandle::Init(daisy::TimerHandle::Config const&))
../../libDaisy//build\libdaisy.a(system.o)
                              ../../libDaisy//build\libdaisy.a(daisy_seed.o) (daisy::System::DeInit())
../../libDaisy//build\libdaisy.a(system_stm32h7xx.o)
                              build/startup_stm32h750xx.o (SystemInit)
../../libDaisy//build\libdaisy.a(usbd_cdc_if.o)
                              ../../libDaisy//build\libdaisy.a(usb.o) (CDC_Transmit_FS)
../../libDaisy//build\libdaisy.a(usbd_conf.o)
                              ../../libDaisy//build\libdaisy.a(system.o) (hpcd_USB_OTG_HS)
../../libDaisy//build\libdaisy.a(usbd_desc.o)
                              ../../libDaisy//build\libdaisy.a(usb.o) (HS_Desc)
../../libDaisy//build\libdaisy.a(usbh_conf.o)
                              ../../libDaisy//build\libdaisy.a(system.o) (hhcd_USB_OTG_HS)
../../libDaisy//build\libdaisy.a(hal_map.o)
                              ../../libDaisy//build\libdaisy.a(gpio.o) (dsy_hal_map_get_port)
../../libDaisy//build\libdaisy.a(stm32h7xx_hal.o)
                              ../../libDaisy//build\libdaisy.a(system.o) (HAL_Init)
../../libDaisy//build\libdaisy.a(stm32h7xx_hal_adc.o)
                              ../../libDaisy//build\libdaisy.a(adc.o) (HAL_ADC_ConfigChannel)
../../libDaisy//build\libdaisy.a(stm32h7xx_hal_adc_ex.o)
                              ../../libDaisy//build\libdaisy.a(adc.o) (HAL_ADCEx_Calibration_Start)
../../libDaisy//build\libdaisy.a(stm32h7xx_hal_cortex.o)
                              ../../libDaisy//build\libdaisy.a(stm32h7xx_hal.o) (HAL_NVIC_SetPriorityGrouping)
../../libDaisy//build\libdaisy.a(stm32h7xx_hal_dma.o)
                              ../../libDaisy//build\libdaisy.a(adc.o) (HAL_DMA_Init)
../../libDaisy//build\libdaisy.a(stm32h7xx_hal_gpio.o)
                              ../../libDaisy//build\libdaisy.a(sdram.o) (HAL_GPIO_Init)
../../libDaisy//build\libdaisy.a(stm32h7xx_hal_hcd.o)
                              ../../libDaisy//build\libdaisy.a(usbh_conf.o) (HAL_HCD_HC_Init)
../../libDaisy//build\libdaisy.a(stm32h7xx_hal_i2c.o)
                              ../../libDaisy//build\libdaisy.a(i2c.o) (HAL_I2C_Init)
../../libDaisy//build\libdaisy.a(stm32h7xx_hal_i2c_ex.o)
                              ../../libDaisy//build\libdaisy.a(i2c.o) (HAL_I2CEx_ConfigAnalogFilter)
../../libDaisy//build\libdaisy.a(stm32h7xx_hal_pcd.o)
                              ../../libDaisy//build\libdaisy.a(usbd_conf.o) (HAL_PCD_Init)
../../libDaisy//build\libdaisy.a(stm32h7xx_hal_pcd_ex.o)
[...]
Memory Configuration

Name             Origin             Length             Attributes
FLASH            0x08000000         0x00020000         xr
DTCMRAM          0x20000000         0x00020000         xrw
SRAM             0x24000000         0x00080000         xrw
RAM_D2           0x30000000         0x00048000         xrw
RAM_D3           0x38000000         0x00010000         xrw
BACKUP_SRAM      0x38800000         0x00001000         xrw
ITCMRAM          0x00000000         0x00010000         xrw
SDRAM            0xc0000000         0x04000000         xrw
QSPIFLASH        0x90000000         0x00800000         xr
*default*        0x00000000         0xffffffff

Linker script and memory map

LOAD c:/program files/daisytoolchain/bin/../lib/gcc/arm-none-eabi/10.2.1/thumb/v7e-m+dp/hard/crti.o
LOAD c:/program files/daisytoolchain/bin/../lib/gcc/arm-none-eabi/10.2.1/thumb/v7e-m+dp/hard/crtbegin.o
LOAD c:/program files/daisytoolchain/bin/../lib/gcc/arm-none-eabi/10.2.1/../../../../arm-none-eabi/lib/thumb/v7e-m+dp/hard/crt0.o
LOAD build/startup_stm32h750xx.o
LOAD build/WarpDrive.o
LOAD build/oscillator.o
LOAD build/encodercontrol.o
LOAD build/eulerssynthesis.o
LOAD build/adsr.o
LOAD ../../libDaisy//build\libdaisy.a
LOAD c:/program files/daisytoolchain/bin/../lib/gcc/arm-none-eabi/10.2.1/../../../../arm-none-eabi/lib/thumb/v7e-m+dp/hard\libnosys.a
LOAD ../../DaisySP//build\libdaisysp.a
LOAD c:/program files/daisytoolchain/bin/../lib/gcc/arm-none-eabi/10.2.1/../../../../arm-none-eabi/lib/thumb/v7e-m+dp/hard\libstdc++_nano.a
LOAD c:/program files/daisytoolchain/bin/../lib/gcc/arm-none-eabi/10.2.1/../../../../arm-none-eabi/lib/thumb/v7e-m+dp/hard\libm.a
LOAD c:/program files/daisytoolchain/bin/../lib/gcc/arm-none-eabi/10.2.1/../../../../arm-none-eabi/lib/thumb/v7e-m+dp/hard\libc_nano.a
START GROUP
LOAD c:/program files/daisytoolchain/bin/../lib/gcc/arm-none-eabi/10.2.1/thumb/v7e-m+dp/hard\libgcc.a
LOAD c:/program files/daisytoolchain/bin/../lib/gcc/arm-none-eabi/10.2.1/../../../../arm-none-eabi/lib/thumb/v7e-m+dp/hard\libc_nano.a
END GROUP
START GROUP
LOAD c:/program files/daisytoolchain/bin/../lib/gcc/arm-none-eabi/10.2.1/thumb/v7e-m+dp/hard\libgcc.a
LOAD c:/program files/daisytoolchain/bin/../lib/gcc/arm-none-eabi/10.2.1/../../../../arm-none-eabi/lib/thumb/v7e-m+dp/hard\libc_nano.a
LOAD c:/program files/daisytoolchain/bin/../lib/gcc/arm-none-eabi/10.2.1/../../../../arm-none-eabi/lib/thumb/v7e-m+dp/hard\libnosys.a
END GROUP
START GROUP
LOAD c:/program files/daisytoolchain/bin/../lib/gcc/arm-none-eabi/10.2.1/thumb/v7e-m+dp/hard\libgcc.a
LOAD c:/program files/daisytoolchain/bin/../lib/gcc/arm-none-eabi/10.2.1/../../../../arm-none-eabi/lib/thumb/v7e-m+dp/hard\libc_nano.a
LOAD c:/program files/daisytoolchain/bin/../lib/gcc/arm-none-eabi/10.2.1/../../../../arm-none-eabi/lib/thumb/v7e-m+dp/hard\libnosys.a
END GROUP
LOAD c:/program files/daisytoolchain/bin/../lib/gcc/arm-none-eabi/10.2.1/thumb/v7e-m+dp/hard/crtend.o
LOAD c:/program files/daisytoolchain/bin/../lib/gcc/arm-none-eabi/10.2.1/thumb/v7e-m+dp/hard/crtn.o
                0x20020000                _estack = 0x20020000

.isr_vector     0x08000000      0x298
                0x08000000                . = ALIGN (0x4)
 *(.isr_vector)
 .isr_vector    0x08000000      0x298 build/startup_stm32h750xx.o
                0x08000000                g_pfnVectors
                0x08000298                . = ALIGN (0x4)

.text           0x080002a0    0x1ac4c
                0x080002a0                . = ALIGN (0x4)
                0x080002a0                _stext = .
 *(.text)
 .text          0x080002a0       0x40 c:/program files/daisytoolchain/bin/../lib/gcc/arm-none-eabi/10.2.1/thumb/v7e-m+dp/hard/crtbegin.o
 .text          0x080002e0       0xa0 c:/program files/daisytoolchain/bin/../lib/gcc/arm-none-eabi/10.2.1/../../../../arm-none-eabi/lib/thumb/v7e-m+dp/hard\libc_nano.a(lib_a-memchr.o)
                0x080002e0                memchr
 .text          0x08000380      0x378 c:/program files/daisytoolchain/bin/../lib/gcc/arm-none-eabi/10.2.1/thumb/v7e-m+dp/hard\libgcc.a(_arm_addsubdf3.o)
                0x08000380                __aeabi_drsub
                0x08000388                __aeabi_dsub
                0x08000388                __subdf3
                0x0800038c                __aeabi_dadd
                0x0800038c                __adddf3
                0x08000604                __floatunsidf
                0x08000604                __aeabi_ui2d
                0x08000624                __floatsidf
                0x08000624                __aeabi_i2d
                0x08000648                __aeabi_f2d
                0x08000648                __extendsfdf2
                0x0800068c                __floatundidf
                0x0800068c                __aeabi_ul2d
                0x0800069c                __floatdidf
                0x0800069c                __aeabi_l2d
 .text          0x080006f8       0x30 c:/program files/daisytoolchain/bin/../lib/gcc/arm-none-eabi/10.2.1/thumb/v7e-m+dp/hard\libgcc.a(_aeabi_uldivmod.o)
                0x080006f8                __aeabi_uldivmod
 .text          0x08000728      0x2d0 c:/program files/daisytoolchain/bin/../lib/gcc/arm-none-eabi/10.2.1/thumb/v7e-m+dp/hard\libgcc.a(_udivmoddi4.o)
                0x08000728                __udivmoddi4
 .text          0x080009f8        0x4 c:/program files/daisytoolchain/bin/../lib/gcc/arm-none-eabi/10.2.1/thumb/v7e-m+dp/hard\libgcc.a(_dvmd_tls.o)
                0x080009f8                __aeabi_idiv0
                0x080009f8                __aeabi_ldiv0
 *(.text*)
 .text.Reset_Handler
                0x080009fc       0x48 build/startup_stm32h750xx.o
                0x080009fc                Reset_Handler
 .text.Default_Handler
                0x08000a44        0x2 build/startup_stm32h750xx.o
                0x08000a44                RTC_Alarm_IRQHandler
                0x08000a44                HASH_RNG_IRQHandler
                0x08000a44                EXTI2_IRQHandler
                0x08000a44                TIM8_CC_IRQHandler
                0x08000a44                HRTIM1_Master_IRQHandler
                0x08000a44                DebugMon_Handler
                0x08000a44                TIM1_CC_IRQHandler
                0x08000a44                BDMA_Channel6_IRQHandler
                0x08000a44                DMA2_Stream5_IRQHandler
                0x08000a44                HRTIM1_FLT_IRQHandler
                0x08000a44                JPEG_IRQHandler
                0x08000a44                BDMA_Channel1_IRQHandler
                0x08000a44                HRTIM1_TIMD_IRQHandler
                0x08000a44                TAMP_STAMP_IRQHandler
                0x08000a44                PendSV_Handler
                0x08000a44                NMI_Handler
                0x08000a44                EXTI3_IRQHandler
                0x08000a44                LPTIM4_IRQHandler
                0x08000a44                TIM8_TRG_COM_TIM14_IRQHandler
                0x08000a44                LPTIM2_IRQHandler
                0x08000a44                DFSDM1_FLT1_IRQHandler
                0x08000a44                DMAMUX2_OVR_IRQHandler
                0x08000a44                TIM8_UP_TIM13_IRQHandler
                0x08000a44                I2C3_ER_IRQHandler
                0x08000a44                DFSDM1_FLT2_IRQHandler
                0x08000a44                MDMA_IRQHandler
                0x08000a44                LPTIM3_IRQHandler
                0x08000a44                HSEM1_IRQHandler
                0x08000a44                EXTI0_IRQHandler
                0x08000a44                FPU_IRQHandler
                0x08000a44                OTG_HS_WKUP_IRQHandler
                0x08000a44                FDCAN1_IT1_IRQHandler
                0x08000a44                UsageFault_Handler
                0x08000a44                LTDC_ER_IRQHandler
                0x08000a44                HRTIM1_TIME_IRQHandler
                0x08000a44                TIM6_DAC_IRQHandler
                0x08000a44                DCMI_IRQHandler
                0x08000a44                HRTIM1_TIMC_IRQHandler
                0x08000a44                SAI2_IRQHandler
                0x08000a44                DFSDM1_FLT3_IRQHandler
                0x08000a44                TIM17_IRQHandler
                0x08000a44                BDMA_Channel7_IRQHandler
                0x08000a44                CRYP_IRQHandler
                0x08000a44                LPTIM5_IRQHandler
                0x08000a44                ADC3_IRQHandler
                0x08000a44                DMA2_Stream0_IRQHandler
                0x08000a44                BDMA_Channel2_IRQHandler
                0x08000a44                DMAMUX1_OVR_IRQHandler
                0x08000a44                TIM16_IRQHandler
                0x08000a44                BDMA_Channel5_IRQHandler
                0x08000a44                RCC_IRQHandler
                0x08000a44                TIM8_BRK_TIM12_IRQHandler
                0x08000a44                TIM1_TRG_COM_IRQHandler
                0x08000a44                Default_Handler
                0x08000a44                ECC_IRQHandler
                0x08000a44                CEC_IRQHandler
                0x08000a44                EXTI15_10_IRQHandler
                0x08000a44                BDMA_Channel0_IRQHandler
                0x08000a44                ADC_IRQHandler
                0x08000a44                DMA1_Stream7_IRQHandler
                0x08000a44                HRTIM1_TIMA_IRQHandler
                0x08000a44                TIM7_IRQHandler
                0x08000a44                SDMMC1_IRQHandler
                0x08000a44                DMA2_Stream7_IRQHandler
                0x08000a44                TIM15_IRQHandler
                0x08000a44                PVD_AVD_IRQHandler
                0x08000a44                EXTI9_5_IRQHandler
                0x08000a44                RTC_WKUP_IRQHandler
                0x08000a44                LTDC_IRQHandler
                0x08000a44                SAI3_IRQHandler
                0x08000a44                ETH_WKUP_IRQHandler
                0x08000a44                SPDIF_RX_IRQHandler
                0x08000a44                MemManage_Handler
                0x08000a44                SVC_Handler
                0x08000a44                CRS_IRQHandler
                0x08000a44                EXTI4_IRQHandler
                0x08000a44                HRTIM1_TIMB_IRQHandler
                0x08000a44                FDCAN2_IT1_IRQHandler
                0x08000a44                ETH_IRQHandler
                0x08000a44                TIM1_UP_IRQHandler
                0x08000a44                BDMA_Channel4_IRQHandler
                0x08000a44                WWDG_IRQHandler
                0x08000a44                SPI6_IRQHandler
                0x08000a44                MDIOS_IRQHandler
                0x08000a44                I2C4_EV_IRQHandler
                0x08000a44                FDCAN2_IT0_IRQHandler
                0x08000a44                FDCAN1_IT0_IRQHandler
                0x08000a44                OTG_FS_WKUP_IRQHandler
                0x08000a44                DMA2D_IRQHandler
                0x08000a44                TIM1_BRK_IRQHandler
                0x08000a44                EXTI1_IRQHandler
                0x08000a44                SDMMC2_IRQHandler
                0x08000a44                BDMA_Channel3_IRQHandler
                0x08000a44                MDIOS_WKUP_IRQHandler
                0x08000a44                DFSDM1_FLT0_IRQHandler
                0x08000a44                SAI4_IRQHandler
                0x08000a44                I2C2_ER_IRQHandler
                0x08000a44                DMA2_Stream1_IRQHandler
                0x08000a44                FLASH_IRQHandler
                0x08000a44                BusFault_Handler
                0x08000a44                WAKEUP_PIN_IRQHandler
                0x08000a44                I2C1_ER_IRQHandler
                0x08000a44                FMC_IRQHandler
                0x08000a44                FDCAN_CAL_IRQHandler
                0x08000a44                SWPMI1_IRQHandler
                0x08000a44                COMP1_IRQHandler
                0x08000a44                LPTIM1_IRQHandler
                0x08000a44                I2C4_ER_IRQHandler
                0x08000a44                DMA2_Stream6_IRQHandler
                0x08000a44                SAI1_IRQHandler
 .text._ZSt3expf
                0x08000a46       0x20 build/WarpDrive.o
                0x08000a46                std::exp(float)
 .text._ZSt3logf
                0x08000a66       0x20 build/WarpDrive.o
                0x08000a66                std::log(float)
 .text._ZN7daisysp7OnePoleC2Ev
                0x08000a86       0x16 build/WarpDrive.o
                0x08000a86                daisysp::OnePole::OnePole()
                0x08000a86                daisysp::OnePole::OnePole()
 .text._ZN7daisysp7OnePoleD2Ev
                0x08000a9c       0x16 build/WarpDrive.o
                0x08000a9c                daisysp::OnePole::~OnePole()
                0x08000a9c                daisysp::OnePole::~OnePole()
 .text._ZN7daisysp7OnePole4InitEv
                0x08000ab2       0x1c build/WarpDrive.o
                0x08000ab2                daisysp::OnePole::Init()
 .text._ZN7daisysp7OnePole5ResetEv
                0x08000ace       0x1c build/WarpDrive.o
                0x08000ace                daisysp::OnePole::Reset()
 *fill*         0x08000aea        0x2 
 .text._ZN7daisysp7OnePole12SetFrequencyEf
                0x08000aec       0x74 build/WarpDrive.o
                0x08000aec                daisysp::OnePole::SetFrequency(float)
 .text._ZN7daisysp7OnePole13SetFilterModeENS0_10FilterModeE
                0x08000b60       0x1e build/WarpDrive.o
                0x08000b60                daisysp::OnePole::SetFilterMode(daisysp::OnePole::FilterMode)
 .text._ZN5daisy3PinC2ENS_8GPIOPortEh
                0x08000b7e       0x2a build/WarpDrive.o
                0x08000b7e                daisy::Pin::Pin(daisy::GPIOPort, unsigned char)
                0x08000b7e                daisy::Pin::Pin(daisy::GPIOPort, unsigned char)
 .text._ZN5daisy3PinC2Ev
                0x08000ba8       0x22 build/WarpDrive.o
                0x08000ba8                daisy::Pin::Pin()
                0x08000ba8                daisy::Pin::Pin()
 .text._ZNK5daisy3Pincv12dsy_gpio_pinEv
                0x08000bca       0x2e build/WarpDrive.o
                0x08000bca                daisy::Pin::operator dsy_gpio_pin() const
 .text._ZN5daisy11TimerHandle6ConfigC2Ev
                0x08000bf8       0x30 build/WarpDrive.o
                0x08000bf8                daisy::TimerHandle::Config::Config()
                0x08000bf8                daisy::TimerHandle::Config::Config()
 .text._ZN5daisy11TimerHandleC2Ev
                0x08000c28       0x1c build/WarpDrive.o
                0x08000c28                daisy::TimerHandle::TimerHandle()
                0x08000c28                daisy::TimerHandle::TimerHandle()
 .text._ZN5daisy11TimerHandleD2Ev
                0x08000c44       0x16 build/WarpDrive.o
                0x08000c44                daisy::TimerHandle::~TimerHandle()
                0x08000c44                daisy::TimerHandle::~TimerHandle()
 .text._ZN5daisy6SystemC2Ev
                0x08000c5a       0x16 build/WarpDrive.o
                0x08000c5a                daisy::System::System()
                0x08000c5a                daisy::System::System()
 .text._ZN5daisy6SystemD2Ev
                0x08000c70       0x16 build/WarpDrive.o
                0x08000c70                daisy::System::~System()
                0x08000c70                daisy::System::~System()
 .text._ZN5daisy10QSPIHandleC2Ev
                0x08000c86       0x1c build/WarpDrive.o
                0x08000c86                daisy::QSPIHandle::QSPIHandle()
                0x08000c86                daisy::QSPIHandle::QSPIHandle()
 .text._ZN5daisy9DacHandleC2Ev
                0x08000ca2       0x1c build/WarpDrive.o
                0x08000ca2                daisy::DacHandle::DacHandle()
                0x08000ca2                daisy::DacHandle::DacHandle()
 .text._ZN5daisy9I2CHandleC2Ev
                0x08000cbe       0x1c build/WarpDrive.o
                0x08000cbe                daisy::I2CHandle::I2CHandle()
                0x08000cbe                daisy::I2CHandle::I2CHandle()
 .text._ZN5daisy18Mpr121I2CTransportC2Ev
                0x08000cda       0x24 build/WarpDrive.o
                0x08000cda                daisy::Mpr121I2CTransport::Mpr121I2CTransport()
                0x08000cda                daisy::Mpr121I2CTransport::Mpr121I2CTransport()
 .text._ZN5daisy18Mpr121I2CTransportD2Ev
                0x08000cfe       0x16 build/WarpDrive.o
                0x08000cfe                daisy::Mpr121I2CTransport::~Mpr121I2CTransport()
                0x08000cfe                daisy::Mpr121I2CTransport::~Mpr121I2CTransport()
 .text._ZN5daisy18Mpr121I2CTransport6ConfigC2Ev
                0x08000d14       0x60 build/WarpDrive.o
                0x08000d14                daisy::Mpr121I2CTransport::Config::Config()
                0x08000d14                daisy::Mpr121I2CTransport::Config::Config()
 .text._ZN5daisy9I2CHandle6ConfigC2Ev
                0x08000d74       0x1c build/WarpDrive.o
                0x08000d74                daisy::I2CHandle::Config::Config()
                0x08000d74                daisy::I2CHandle::Config::Config()
 .text._ZN5daisy18Mpr121I2CTransport4InitENS0_6ConfigE
                0x08000d90       0x86 build/WarpDrive.o
                0x08000d90                daisy::Mpr121I2CTransport::Init(daisy::Mpr121I2CTransport::Config)
 .text._ZN5daisy18Mpr121I2CTransport5WriteEPht
                0x08000e16       0x36 build/WarpDrive.o
                0x08000e16                daisy::Mpr121I2CTransport::Write(unsigned char*, unsigned short)
 .text._ZN5daisy18Mpr121I2CTransport4ReadEPht
                0x08000e4c       0x36 build/WarpDrive.o
                0x08000e4c                daisy::Mpr121I2CTransport::Read(unsigned char*, unsigned short)
 .text._ZN5daisy9SaiHandleC2Ev
                0x08000e82       0x1c build/WarpDrive.o
                0x08000e82                daisy::SaiHandle::SaiHandle()
                0x08000e82                daisy::SaiHandle::SaiHandle()
 .text._ZN5daisy11AudioHandleC2Ev
                0x08000e9e       0x1c build/WarpDrive.o
                0x08000e9e                daisy::AudioHandle::AudioHandle()
                0x08000e9e                daisy::AudioHandle::AudioHandle()
 .text._ZN5daisy11AudioHandleD2Ev
                0x08000eba       0x16 build/WarpDrive.o
                0x08000eba                daisy::AudioHandle::~AudioHandle()
                0x08000eba                daisy::AudioHandle::~AudioHandle()
 .text._ZN5daisy9AdcHandleC2Ev
                0x08000ed0       0x16 build/WarpDrive.o
                0x08000ed0                daisy::AdcHandle::AdcHandle()
                0x08000ed0                daisy::AdcHandle::AdcHandle()
 .text._ZN5daisy9AdcHandleD2Ev
                0x08000ee6       0x16 build/WarpDrive.o
                0x08000ee6                daisy::AdcHandle::~AdcHandle()
                0x08000ee6                daisy::AdcHandle::~AdcHandle()
 .text._ZN5daisy9UsbHandleC2Ev
                0x08000efc       0x16 build/WarpDrive.o
                0x08000efc                daisy::UsbHandle::UsbHandle()
                0x08000efc                daisy::UsbHandle::UsbHandle()
 .text._ZN5daisy9UsbHandleD2Ev
                0x08000f12       0x16 build/WarpDrive.o
                0x08000f12                daisy::UsbHandle::~UsbHandle()
                0x08000f12                daisy::UsbHandle::~UsbHandle()
 .text._ZN5daisy6SwitchC2Ev
                0x08000f28       0x16 build/WarpDrive.o
                0x08000f28                daisy::Switch::Switch()
                0x08000f28                daisy::Switch::Switch()
 .text._ZN5daisy6SwitchD2Ev
                0x08000f3e       0x16 build/WarpDrive.o
                0x08000f3e                daisy::Switch::~Switch()
                0x08000f3e                daisy::Switch::~Switch()
 .text._ZNK5daisy6Switch10RisingEdgeEv
                0x08000f54       0x2e build/WarpDrive.o
                0x08000f54                daisy::Switch::RisingEdge() const
 .text._ZNK5daisy6Switch7PressedEv
                0x08000f82       0x22 build/WarpDrive.o
                0x08000f82                daisy::Switch::Pressed() const
 .text._ZN5daisy9DaisySeedC2Ev
                0x08000fa4       0x56 build/WarpDrive.o
                0x08000fa4                daisy::DaisySeed::DaisySeed()
                0x08000fa4                daisy::DaisySeed::DaisySeed()
 .text._ZN5daisy9DaisySeedD2Ev
                0x08000ffa       0x3a build/WarpDrive.o
                0x08000ffa                daisy::DaisySeed::~DaisySeed()
                0x08000ffa                daisy::DaisySeed::~DaisySeed()
 .text._ZN8clasADSR18mRecursiveEquationEfff
                0x08001034       0x46 build/WarpDrive.o
                0x08001034                clasADSR::mRecursiveEquation(float, float, float)
 *fill*         0x0800107a        0x2 
 .text._ZN8clasADSR4InitEf
                0x0800107c       0x80 build/WarpDrive.o
                0x0800107c                clasADSR::Init(float)
 .text._ZN8clasADSR7ProcessEb
                0x080010fc      0x1a8 build/WarpDrive.o
                0x080010fc                clasADSR::Process(bool)
 .text._ZN8clasADSR13GetAttackTimeEv
                0x080012a4       0x1e build/WarpDrive.o
                0x080012a4                clasADSR::GetAttackTime()
 .text._ZN8clasADSR12GetDecayTimeEv
                0x080012c2       0x1e build/WarpDrive.o
                0x080012c2                clasADSR::GetDecayTime()
 .text._ZN8clasADSR14GetReleaseTimeEv
                0x080012e0       0x1e build/WarpDrive.o
                0x080012e0                clasADSR::GetReleaseTime()
 .text._ZN8clasADSR15GetSustainLevelEv
                0x080012fe       0x1e build/WarpDrive.o
                0x080012fe                clasADSR::GetSustainLevel()
 .text._ZN8clasADSR15SetSustainLevelEf
                0x0800131c       0x50 build/WarpDrive.o
                0x0800131c                clasADSR::SetSustainLevel(float)
 .text._ZN8clasADSR13SetAttackRateEf
                0x0800136c       0xd4 build/WarpDrive.o
                0x0800136c                clasADSR::SetAttackRate(float)
 .text._ZN8clasADSR12SetDecayRateEf
                0x08001440       0xd8 build/WarpDrive.o
                0x08001440                clasADSR::SetDecayRate(float)
 .text._ZN8clasADSR14SetReleaseRateEf
                0x08001518       0xd0 build/WarpDrive.o
                0x08001518                clasADSR::SetReleaseRate(float)
 .text._ZN21clasSecondOrderFilter9mBilinearE12COEFFICIENTSf
                0x080015e8      0x1ac build/WarpDrive.o
                0x080015e8                clasSecondOrderFilter::mBilinear(COEFFICIENTS, float)
 .text._ZN21clasSecondOrderFilter4InitEf
                0x08001794       0x50 build/WarpDrive.o
                0x08001794                clasSecondOrderFilter::Init(float)
 .text._ZN21clasSecondOrderFilter6UpdateEv
                0x080017e4       0xfa build/WarpDrive.o
                0x080017e4                clasSecondOrderFilter::Update()
 .text._ZN21clasSecondOrderFilter7ProcessEf
                0x080018de       0xdc build/WarpDrive.o
                0x080018de                clasSecondOrderFilter::Process(float)
 .text._ZN21clasSecondOrderFilter17setFreqNormalisedEf
                0x080019ba       0x32 build/WarpDrive.o
                0x080019ba                clasSecondOrderFilter::setFreqNormalised(float)
 .text._ZN21clasSecondOrderFilter7setFreqEf
                0x080019ec       0x20 build/WarpDrive.o
                0x080019ec                clasSecondOrderFilter::setFreq(float)
 .text._ZN21clasSecondOrderFilter4setQEf
                0x08001a0c       0x60 build/WarpDrive.o
                0x08001a0c                clasSecondOrderFilter::setQ(float)
 .text._ZN5daisy11clasEncoderC2Ev
                0x08001a6c       0x1c build/WarpDrive.o
                0x08001a6c                daisy::clasEncoder::clasEncoder()
                0x08001a6c                daisy::clasEncoder::clasEncoder()
 .text._ZN5daisy11clasEncoderD2Ev
                0x08001a88       0x1c build/WarpDrive.o
                0x08001a88                daisy::clasEncoder::~clasEncoder()
                0x08001a88                daisy::clasEncoder::~clasEncoder()
 .text._ZNK5daisy11clasEncoder9IncrementEv
                0x08001aa4       0x24 build/WarpDrive.o
                0x08001aa4                daisy::clasEncoder::Increment() const
 .text._ZNK5daisy11clasEncoder10RisingEdgeEv
                0x08001ac8       0x1c build/WarpDrive.o
                0x08001ac8                daisy::clasEncoder::RisingEdge() const
 .text._ZN14clasOscillatorC2Ev
                0x08001ae4       0x16 build/WarpDrive.o
                0x08001ae4                clasOscillator::clasOscillator()
                0x08001ae4                clasOscillator::clasOscillator()
 .text._ZN14clasOscillatorD2Ev
                0x08001afa       0x16 build/WarpDrive.o
                0x08001afa                clasOscillator::~clasOscillator()
                0x08001afa                clasOscillator::~clasOscillator()
 .text._Z18InitLFOAssignmentsv
                0x08001b10       0x64 build/WarpDrive.o
                0x08001b10                InitLFOAssignments()
 .text._Z14fxEncoderSetupv
                0x08001b74      0x10c build/WarpDrive.o
                0x08001b74                fxEncoderSetup()
 .text._Z18fxEncoderTimerInitv
                0x08001c80       0x48 build/WarpDrive.o
                0x08001c80                fxEncoderTimerInit()
 .text._Z13fxControlInitv
                0x08001cc8       0x1c build/WarpDrive.o
                0x08001cc8                fxControlInit()
 .text._Z17fxDroneVoiceSetupf
                0x08001ce4       0xa0 build/WarpDrive.o
                0x08001ce4                fxDroneVoiceSetup(float)
 .text._Z24fxEncoderSpeedMultiplieri
                0x08001d84       0xbc build/WarpDrive.o
                0x08001d84                fxEncoderSpeedMultiplier(int)
 .text._Z14fxFrequencyIncR14clasOscillatorRN5daisy11clasEncoderEi
                0x08001e40       0x5e build/WarpDrive.o
                0x08001e40                fxFrequencyInc(clasOscillator&, daisy::clasEncoder&, int)
 *fill*         0x08001e9e        0x2 
 .text._Z19fxFrequencyMicroIncR14clasOscillatorRN5daisy11clasEncoderEi
                0x08001ea0       0x80 build/WarpDrive.o
                0x08001ea0                fxFrequencyMicroInc(clasOscillator&, daisy::clasEncoder&, int)
 .text._Z11resetParentv
                0x08001f20       0x18 build/WarpDrive.o
                0x08001f20                resetParent()
 .text._Z10resetChildv
                0x08001f38       0x18 build/WarpDrive.o
                0x08001f38                resetChild()
 .text._Z9setParentP14clasOscillator
                0x08001f50       0x24 build/WarpDrive.o
                0x08001f50                setParent(clasOscillator*)
 .text._Z8setChildP14clasOscillator
                0x08001f74       0x3c build/WarpDrive.o
                0x08001f74                setChild(clasOscillator*)
 .text._Z9getParentv
                0x08001fb0       0x18 build/WarpDrive.o
                0x08001fb0                getParent()
 .text._Z20fxResetTimerCallBackPv
                0x08001fc8       0x2c build/WarpDrive.o
                0x08001fc8                fxResetTimerCallBack(void*)
 .text._Z24fxResetMenuTimerCallBackPv
                0x08001ff4       0x54 build/WarpDrive.o
                0x08001ff4                fxResetMenuTimerCallBack(void*)
 .text._Z16fxResetTimerInitv
                0x08002048       0x54 build/WarpDrive.o
                0x08002048                fxResetTimerInit()
 .text._Z20fxResetMenuTimerInitv
                0x0800209c       0x54 build/WarpDrive.o
                0x0800209c                fxResetMenuTimerInit()
 .text._Z16fxFrequencyMatchR14clasOscillatorRN5daisy11clasEncoderE
                0x080020f0       0x38 build/WarpDrive.o
                0x080020f0                fxFrequencyMatch(clasOscillator&, daisy::clasEncoder&)
 .text._Z18fxOscillatorSelectP14clasOscillatorRN5daisy11clasEncoderEi
                0x08002128       0x38 build/WarpDrive.o
                0x08002128                fxOscillatorSelect(clasOscillator*, daisy::clasEncoder&, int)
 .text._Z22IncOscillatorAmplitudeR14clasOscillatorRN5daisy11clasEncoderE
                0x08002160       0x68 build/WarpDrive.o
                0x08002160                IncOscillatorAmplitude(clasOscillator&, daisy::clasEncoder&)
 .text._Z18IncOscillatorDepthR14clasOscillatorRN5daisy11clasEncoderE
                0x080021c8       0x68 build/WarpDrive.o
                0x080021c8                IncOscillatorDepth(clasOscillator&, daisy::clasEncoder&)
 .text._Z14ChangeWaveformR14clasOscillatorRN5daisy11clasEncoderE
                0x08002230       0x3e build/WarpDrive.o
                0x08002230                ChangeWaveform(clasOscillator&, daisy::clasEncoder&)
 .text._Z19FreqModulationRatioR14clasOscillatorRN5daisy11clasEncoderE
                0x0800226e       0x62 build/WarpDrive.o
                0x0800226e                FreqModulationRatio(clasOscillator&, daisy::clasEncoder&)
 .text._Z21FreqModulationCarrierR14clasOscillatorS0_S0_RN5daisy11clasEncoderE
                0x080022d0       0x4c build/WarpDrive.o
                0x080022d0                FreqModulationCarrier(clasOscillator&, clasOscillator&, clasOscillator&, daisy::clasEncoder&)
 .text._Z14fxMenuDebouncev
                0x0800231c       0x34 build/WarpDrive.o
                0x0800231c                fxMenuDebounce()
 .text._Z19fxUpdateFrequenciesf
                0x08002350       0xb4 build/WarpDrive.o
                0x08002350                fxUpdateFrequencies(float)
 .text._Z14ChangeWaveformR20clasEulersOscillatorILi16EERN5daisy11clasEncoderE
                0x08002404       0x3e build/WarpDrive.o
                0x08002404                ChangeWaveform(clasEulersOscillator<16>&, daisy::clasEncoder&)
 *fill*         0x08002442        0x6 
 .text._Z6fxADSRN5daisy11clasEncoderES0_S0_S0_NS_6SwitchE
                0x08002448      0x1b0 build/WarpDrive.o
                0x08002448                fxADSR(daisy::clasEncoder, daisy::clasEncoder, daisy::clasEncoder, daisy::clasEncoder, daisy::Switch)
 .text._Z10fxModeMenui
                0x080025f8      0x508 build/WarpDrive.o
                0x080025f8                fxModeMenu(int)
 .text._Z15fxPressFunctiontb
                0x08002b00       0x58 build/WarpDrive.o
                0x08002b00                fxPressFunction(unsigned short, bool)
 .text._Z17fxReleaseFunctiont
                0x08002b58       0x2c build/WarpDrive.o
                0x08002b58                fxReleaseFunction(unsigned short)
 .text._ZN12clasCapTouch7mConfigEv
                0x08002b84       0x68 build/WarpDrive.o
                0x08002b84                clasCapTouch::mConfig()
 .text._ZN12clasCapTouch4InitEN5daisy9DaisySeedE
                0x08002bec       0x36 build/WarpDrive.o
                0x08002bec                clasCapTouch::Init(daisy::DaisySeed)
 .text._ZN12clasCapTouch10SetOnTouchEPFvtbE
                0x08002c22       0x1c build/WarpDrive.o
                0x08002c22                clasCapTouch::SetOnTouch(void (*)(unsigned short, bool))
 .text._ZN12clasCapTouch12SetOnReleaseEPFvtE
                0x08002c3e       0x1c build/WarpDrive.o
                0x08002c3e                clasCapTouch::SetOnRelease(void (*)(unsigned short))
 *fill*         0x08002c5a        0x2 
 .text._ZN12clasCapTouch7ProcessEv
                0x08002c5c       0xc4 build/WarpDrive.o
                0x08002c5c                clasCapTouch::Process()
 .text._ZN12clasCapTouchC2Ev
                0x08002d20       0x24 build/WarpDrive.o
                0x08002d20                clasCapTouch::clasCapTouch()
                0x08002d20                clasCapTouch::clasCapTouch()
 .text._ZN21clasSecondOrderFilterC2Ev
                0x08002d44       0x28 build/WarpDrive.o
                0x08002d44                clasSecondOrderFilter::clasSecondOrderFilter()
                0x08002d44                clasSecondOrderFilter::clasSecondOrderFilter()
 .text._ZL13AudioCallbackPKfPfj
                0x08002d6c      0x298 build/WarpDrive.o
 .text.main     0x08003004      0x7a4 build/WarpDrive.o
                0x08003004                main
 .text._ZSt3powIfiEN9__gnu_cxx11__promote_2IT_T0_NS0_9__promoteIS2_XsrSt12__is_integerIS2_E7__valueEE6__typeENS4_IS3_XsrS5_IS3_E7__valueEE6__typeEE6__typeES2_S3_
                0x080037a8       0x38 build/WarpDrive.o
                0x080037a8                __gnu_cxx::__promote_2<float, int, __gnu_cxx::__promote<float, std::__is_integer<float>::__value>::__type, __gnu_cxx::__promote<int, std::__is_integer<int>::__value>::__type>::__type std::pow<float, int>(float, int)
 .text._ZN5daisy9DaisySeed9PrintLineIJEEEvPKcDpT_
                0x080037e0       0x16 build/WarpDrive.o
                0x080037e0                void daisy::DaisySeed::PrintLine<>(char const*)
 .text._ZN5daisy9DaisySeed9PrintLineIJiEEEvPKcDpT_
                0x080037f6       0x1a build/WarpDrive.o
                0x080037f6                void daisy::DaisySeed::PrintLine<int>(char const*, int)
 .text._ZN5daisy6Mpr121INS_18Mpr121I2CTransportEE6ConfigC2Ev
                0x08003810       0x26 build/WarpDrive.o
                0x08003810                daisy::Mpr121<daisy::Mpr121I2CTransport>::Config::Config()
                0x08003810                daisy::Mpr121<daisy::Mpr121I2CTransport>::Config::Config()
 .text._ZN5daisy6Mpr121INS_18Mpr121I2CTransportEE4InitENS2_6ConfigE
                0x08003836      0x130 build/WarpDrive.o
                0x08003836                daisy::Mpr121<daisy::Mpr121I2CTransport>::Init(daisy::Mpr121<daisy::Mpr121I2CTransport>::Config)
 .text._ZN5daisy6Mpr121INS_18Mpr121I2CTransportEE7TouchedEv
                0x08003966       0x24 build/WarpDrive.o
                0x08003966                daisy::Mpr121<daisy::Mpr121I2CTransport>::Touched()
 .text._ZN5daisy6Mpr121INS_18Mpr121I2CTransportEEC2Ev
                0x0800398a       0x24 build/WarpDrive.o
                0x0800398a                daisy::Mpr121<daisy::Mpr121I2CTransport>::Mpr121()
                0x0800398a                daisy::Mpr121<daisy::Mpr121I2CTransport>::Mpr121()
 .text._ZN5daisy6Mpr121INS_18Mpr121I2CTransportEED2Ev
                0x080039ae       0x1c build/WarpDrive.o
                0x080039ae                daisy::Mpr121<daisy::Mpr121I2CTransport>::~Mpr121()
                0x080039ae                daisy::Mpr121<daisy::Mpr121I2CTransport>::~Mpr121()
 .text._ZN5daisy6Mpr121INS_18Mpr121I2CTransportEE15SetTransportErrEb
                0x080039ca       0x34 build/WarpDrive.o
                0x080039ca                daisy::Mpr121<daisy::Mpr121I2CTransport>::SetTransportErr(bool)
 .text._ZN5daisy6Mpr121INS_18Mpr121I2CTransportEE13WriteRegisterEhh
                0x080039fe       0xdc build/WarpDrive.o
                0x080039fe                daisy::Mpr121<daisy::Mpr121I2CTransport>::WriteRegister(unsigned char, unsigned char)
 .text._ZN5daisy6Mpr121INS_18Mpr121I2CTransportEE13SetThresholdsEhh
                0x08003ada       0x52 build/WarpDrive.o
                0x08003ada                daisy::Mpr121<daisy::Mpr121I2CTransport>::SetThresholds(unsigned char, unsigned char)
 .text._ZN5daisy6Mpr121INS_18Mpr121I2CTransportEE15GetTransportErrEv
                0x08003b2c       0x30 build/WarpDrive.o
                0x08003b2c                daisy::Mpr121<daisy::Mpr121I2CTransport>::GetTransportErr()
 .text._ZN5daisy6Mpr121INS_18Mpr121I2CTransportEE14ReadRegister16Eh
                0x08003b5c       0x48 build/WarpDrive.o
                0x08003b5c                daisy::Mpr121<daisy::Mpr121I2CTransport>::ReadRegister16(unsigned char)
 .text.__tcf_0  0x08003ba4       0x28 build/WarpDrive.o
 .text._ZN12clasCapTouchD2Ev
                0x08003bcc       0x24 build/WarpDrive.o
                0x08003bcc                clasCapTouch::~clasCapTouch()
                0x08003bcc                clasCapTouch::~clasCapTouch()
 .text._Z41__static_initialization_and_destruction_0ii
                0x08003bf0      0x1b0 build/WarpDrive.o
 .text._GLOBAL__sub_I_aobjSingleOscillator
                0x08003da0       0x10 build/WarpDrive.o
 .text._ZN14clasOscillator4InitEf8OSC_TYPE
                0x08003db0       0xe0 build/oscillator.o
                0x08003db0                clasOscillator::Init(float, OSC_TYPE)
 .text._ZN14clasOscillator7ProcessEv
                0x08003e90      0x134 build/oscillator.o
                0x08003e90                clasOscillator::Process()
 .text._ZN14clasOscillator19fxCalculatePhaseIncEf
                0x08003fc4       0x28 build/oscillator.o
                0x08003fc4                clasOscillator::fxCalculatePhaseInc(float)
 .text._ZN14clasOscillator7SetFreqEf
                0x08003fec      0x11c build/oscillator.o
                0x08003fec                clasOscillator::SetFreq(float)
 .text._ZN14clasOscillator6SetAmpEf
                0x08004108       0x54 build/oscillator.o
                0x08004108                clasOscillator::SetAmp(float)
 .text._ZN14clasOscillator11SetWaveformEh
                0x0800415c       0x3a build/oscillator.o
                0x0800415c                clasOscillator::SetWaveform(unsigned char)
 .text._ZN14clasOscillator7GetFreqEv
                0x08004196       0x1e build/oscillator.o
                0x08004196                clasOscillator::GetFreq()
 .text._ZN14clasOscillator6GetAmpEv
                0x080041b4       0x1e build/oscillator.o
                0x080041b4                clasOscillator::GetAmp()
 .text._ZN14clasOscillator8GetDepthEv
                0x080041d2       0x1e build/oscillator.o
                0x080041d2                clasOscillator::GetDepth()
 .text._ZN14clasOscillator8SetDepthEf
                0x080041f0       0x52 build/oscillator.o
                0x080041f0                clasOscillator::SetDepth(float)
 .text._ZN14clasOscillator11GetWaveformEv
                0x08004242       0x18 build/oscillator.o
                0x08004242                clasOscillator::GetWaveform()
 .text._ZN14clasOscillator8GetRatioEv
                0x0800425a       0x18 build/oscillator.o
                0x0800425a                clasOscillator::GetRatio()
 .text._ZN14clasOscillator8SetRatioEh
                0x08004272       0x60 build/oscillator.o
                0x08004272                clasOscillator::SetRatio(unsigned char)
 .text._ZN14clasOscillator7TromoloEf
                0x080042d2       0x48 build/oscillator.o
                0x080042d2                clasOscillator::Tromolo(float)
 .text._ZSt3powIifEN9__gnu_cxx11__promote_2IT_T0_NS0_9__promoteIS2_XsrSt12__is_integerIS2_E7__valueEE6__typeENS4_IS3_XsrS5_IS3_E7__valueEE6__typeEE6__typeES2_S3_
                0x0800431a       0x38 build/oscillator.o
                0x0800431a                __gnu_cxx::__promote_2<int, float, __gnu_cxx::__promote<int, std::__is_integer<int>::__value>::__type, __gnu_cxx::__promote<float, std::__is_integer<float>::__value>::__type>::__type std::pow<int, float>(int, float)
 *fill*         0x08004352        0x2 
 .text._ZN14clasOscillator7VibratoEf
                0x08004354       0x5c build/oscillator.o
                0x08004354                clasOscillator::Vibrato(float)
 .text._ZN14clasOscillator10SetTromoloEv
                0x080043b0       0x24 build/oscillator.o
                0x080043b0                clasOscillator::SetTromolo()
 .text._ZN14clasOscillator10SetVibratoEv
                0x080043d4       0x24 build/oscillator.o
                0x080043d4                clasOscillator::SetVibrato()
 .text._ZN14clasOscillator10LFOProcessEf
                0x080043f8       0x54 build/oscillator.o
                0x080043f8                clasOscillator::LFOProcess(float)
 .text._ZN5daisy11clasEncoder4InitE12dsy_gpio_pinS1_S1_f
                0x0800444c       0x98 build/encodercontrol.o
                0x0800444c                daisy::clasEncoder::Init(dsy_gpio_pin, dsy_gpio_pin, dsy_gpio_pin, float)
 .text._ZN5daisy11clasEncoder8DebounceEv
                0x080044e4       0xd2 build/encodercontrol.o
                0x080044e4                daisy::clasEncoder::Debounce()
 .text._ZN20clasEulersOscillatorILi16EE19fxCalculatePhaseIncEf
                0x080045b6       0x28 build/eulerssynthesis.o
                0x080045b6                clasEulersOscillator<16>::fxCalculatePhaseInc(float)
 *fill*         0x080045de        0x2 
 .text._ZN20clasEulersOscillatorILi16EE4InitEf
                0x080045e0       0x90 build/eulerssynthesis.o
                0x080045e0                clasEulersOscillator<16>::Init(float)
 .text._ZN20clasEulersOscillatorILi16EE7ProcessEv
                0x08004670      0x236 build/eulerssynthesis.o
                0x08004670                clasEulersOscillator<16>::Process()
 *fill*         0x080048a6        0x2 
 .text._ZN20clasEulersOscillatorILi16EE7SetFreqEf
                0x080048a8       0x74 build/eulerssynthesis.o
                0x080048a8                clasEulersOscillator<16>::SetFreq(float)
 .text._ZN20clasEulersOscillatorILi16EE6SetAmpEf
                0x0800491c       0x1e build/eulerssynthesis.o
                0x0800491c                clasEulersOscillator<16>::SetAmp(float)
 .text._ZN20clasEulersOscillatorILi16EE19SetHarmonicWaveFormEh
                0x0800493a       0x44 build/eulerssynthesis.o
                0x0800493a                clasEulersOscillator<16>::SetHarmonicWaveForm(unsigned char)
 .text._ZN20clasEulersOscillatorILi16EE19GetHarmonicWaveFormEv
                0x0800497e       0x1a build/eulerssynthesis.o
                0x0800497e                clasEulersOscillator<16>::GetHarmonicWaveForm()
 .text._ZN20clasEulersOscillatorILi16EE14GetHarmonicAmpEf
                0x08004998       0xb8 build/eulerssynthesis.o
                0x08004998                clasEulersOscillator<16>::GetHarmonicAmp(float)
 .text._ZN20clasEulersOscillatorILi16EE10SetRealAmpEf
                0x08004a50       0x4a build/eulerssynthesis.o
                0x08004a50                clasEulersOscillator<16>::SetRealAmp(float)
 .text._ZN20clasEulersOscillatorILi16EE10SetImagAmpEf
                0x08004a9a       0x4a build/eulerssynthesis.o
                0x08004a9a                clasEulersOscillator<16>::SetImagAmp(float)
 .text._ZN5daisy9DaisySeed9ConfigureEv
                0x08004ae4        0x4 ../../libDaisy//build\libdaisy.a(daisy_seed.o)
                0x08004ae4                daisy::DaisySeed::Configure()
 .text._ZN5daisy9DaisySeed6GetPinEh
                0x08004ae8       0x2c ../../libDaisy//build\libdaisy.a(daisy_seed.o)
                0x08004ae8                daisy::DaisySeed::GetPin(unsigned char)
 .text._ZN5daisy9DaisySeed10StartAudioEPFvPKfPfjE
                0x08004b14        0x8 ../../libDaisy//build\libdaisy.a(daisy_seed.o)
                0x08004b14                daisy::DaisySeed::StartAudio(void (*)(float const*, float*, unsigned int))
 .text._ZN5daisy9DaisySeed15AudioSampleRateEv
                0x08004b1c        0x8 ../../libDaisy//build\libdaisy.a(daisy_seed.o)
                0x08004b1c                daisy::DaisySeed::AudioSampleRate()
 .text._ZN5daisy9DaisySeed17SetAudioBlockSizeEj
                0x08004b24       0x38 ../../libDaisy//build\libdaisy.a(daisy_seed.o)
                0x08004b24                daisy::DaisySeed::SetAudioBlockSize(unsigned int)
 .text._ZN5daisy9DaisySeed17CheckBoardVersionEv
                0x08004b5c       0x6c ../../libDaisy//build\libdaisy.a(daisy_seed.o)
                0x08004b5c                daisy::DaisySeed::CheckBoardVersion()
 .text._ZN5daisy9DaisySeed14ConfigureAudioEv
                0x08004bc8      0x10c ../../libDaisy//build\libdaisy.a(daisy_seed.o)
                0x08004bc8                daisy::DaisySeed::ConfigureAudio()
 .text._ZN5daisy9DaisySeed4InitEb
                0x08004cd4      0x108 ../../libDaisy//build\libdaisy.a(daisy_seed.o)
                0x08004cd4                daisy::DaisySeed::Init(bool)
 .text._ZN5daisy6Ak45564InitE12dsy_gpio_pin
                0x08004ddc       0x44 ../../libDaisy//build\libdaisy.a(codec_ak4556.o)
                0x08004ddc                daisy::Ak4556::Init(dsy_gpio_pin)
 .text._ZN5daisy6Wm873120WriteControlRegisterEht
                0x08004e20       0x3c ../../libDaisy//build\libdaisy.a(codec_wm8731.o)
                0x08004e20                daisy::Wm8731::WriteControlRegister(unsigned char, unsigned short)
 .text._ZN5daisy6Wm87314InitERKNS0_6ConfigENS_9I2CHandleE
                0x08004e5c      0x1bc ../../libDaisy//build\libdaisy.a(codec_wm8731.o)
                0x08004e5c                daisy::Wm8731::Init(daisy::Wm8731::Config const&, daisy::I2CHandle)
 .text._ZN11SdramHandle10DeviceInitEv
                0x08005018       0x98 ../../libDaisy//build\libdaisy.a(sdram.o)
                0x08005018                SdramHandle::DeviceInit()
 .text._ZN11SdramHandle4InitEv
                0x080050b0       0x7c ../../libDaisy//build\libdaisy.a(sdram.o)
                0x080050b0                SdramHandle::Init()
 .text.HAL_SDRAM_MspInit
                0x0800512c      0x1a8 ../../libDaisy//build\libdaisy.a(sdram.o)
                0x0800512c                HAL_SDRAM_MspInit
 .text._ZN5daisy11AudioHandle4Impl16InternalCallbackEPlS2_j
                0x080052d4      0xbbc ../../libDaisy//build\libdaisy.a(audio.o)
                0x080052d4                daisy::AudioHandle::Impl::InternalCallback(long*, long*, unsigned int)
 .text._ZN5daisy11AudioHandle4InitERKNS0_6ConfigENS_9SaiHandleE
                0x08005e90       0x70 ../../libDaisy//build\libdaisy.a(audio.o)
                0x08005e90                daisy::AudioHandle::Init(daisy::AudioHandle::Config const&, daisy::SaiHandle)
 .text._ZNK5daisy11AudioHandle9GetConfigEv
                0x08005f00        0x8 ../../libDaisy//build\libdaisy.a(audio.o)
                0x08005f00                daisy::AudioHandle::GetConfig() const
 .text._ZN5daisy11AudioHandle12SetBlockSizeEj
                0x08005f08       0x1c ../../libDaisy//build\libdaisy.a(audio.o)
                0x08005f08                daisy::AudioHandle::SetBlockSize(unsigned int)
 .text._ZN5daisy11AudioHandle13GetSampleRateEv
                0x08005f24        0x8 ../../libDaisy//build\libdaisy.a(audio.o)
                0x08005f24                daisy::AudioHandle::GetSampleRate()
 .text._ZN5daisy11AudioHandle5StartEPFvPKfPfjE
                0x08005f2c       0x2c ../../libDaisy//build\libdaisy.a(audio.o)
                0x08005f2c                daisy::AudioHandle::Start(void (*)(float const*, float*, unsigned int))
 .text.startup._GLOBAL__sub_I__ZN5daisy11AudioHandle4Impl4InitENS0_6ConfigENS_9SaiHandleE
                0x08005f58       0x24 ../../libDaisy//build\libdaisy.a(audio.o)
 .text._ZN5daisy6LoggerILNS_17LoggerDestinationE1EE11TransmitBufEv
                0x08005f7c       0x60 ../../libDaisy//build\libdaisy.a(logger.o)
                0x08005f7c                daisy::Logger<(daisy::LoggerDestination)1>::TransmitBuf()
 .text._ZN5daisy6LoggerILNS_17LoggerDestinationE1EE13AppendNewLineEv
                0x08005fdc       0x60 ../../libDaisy//build\libdaisy.a(logger.o)
                0x08005fdc                daisy::Logger<(daisy::LoggerDestination)1>::AppendNewLine()
 .text._ZN5daisy6LoggerILNS_17LoggerDestinationE1EE10PrintLineVEPKcSt9__va_list
                0x0800603c       0x30 ../../libDaisy//build\libdaisy.a(logger.o)
                0x0800603c                daisy::Logger<(daisy::LoggerDestination)1>::PrintLineV(char const*, std::__va_list)
 .text._ZN5daisy6LoggerILNS_17LoggerDestinationE1EE9PrintLineEPKcz
                0x0800606c       0x1c ../../libDaisy//build\libdaisy.a(logger.o)
                0x0800606c                daisy::Logger<(daisy::LoggerDestination)1>::PrintLine(char const*, ...)
 .text.startup._GLOBAL__sub_I__ZN5daisy10LoggerImplILNS_17LoggerDestinationE1EE11usb_handle_E
                0x08006088       0x2c ../../libDaisy//build\libdaisy.a(logger.o)
 .text._ZN5daisy6Switch4InitE12dsy_gpio_pinfNS0_4TypeENS0_8PolarityENS0_4PullE
                0x080060b4       0x6c ../../libDaisy//build\libdaisy.a(switch.o)
                0x080060b4                daisy::Switch::Init(dsy_gpio_pin, float, daisy::Switch::Type, daisy::Switch::Polarity, daisy::Switch::Pull)
 .text._ZN5daisy6Switch8DebounceEv
                0x08006120       0x5c ../../libDaisy//build\libdaisy.a(switch.o)
                0x08006120                daisy::Switch::Debounce()
 .text._ZN5daisy9UsbHandle16TransmitInternalEPhj
                0x0800617c       0x14 ../../libDaisy//build\libdaisy.a(usb.o)
                0x0800617c                daisy::UsbHandle::TransmitInternal(unsigned char*, unsigned int)
 .text.OTG_FS_EP1_OUT_IRQHandler
                0x08006190        0xc ../../libDaisy//build\libdaisy.a(usb.o)
                0x08006190                OTG_FS_EP1_OUT_IRQHandler
 .text.OTG_FS_EP1_IN_IRQHandler
                0x0800619c        0xc ../../libDaisy//build\libdaisy.a(usb.o)
                0x0800619c                OTG_FS_EP1_IN_IRQHandler
 .text.OTG_FS_IRQHandler
                0x080061a8        0xc ../../libDaisy//build\libdaisy.a(usb.o)
                0x080061a8                OTG_FS_IRQHandler
 .text._ZN5daisy16AdcChannelConfig10InitSingleE12dsy_gpio_pinNS0_15ConversionSpeedE
                0x080061b4       0x28 ../../libDaisy//build\libdaisy.a(adc.o)
                0x080061b4                daisy::AdcChannelConfig::InitSingle(dsy_gpio_pin, daisy::AdcChannelConfig::ConversionSpeed)
 .text._ZN5daisy9AdcHandle4InitEPNS_16AdcChannelConfigEjNS0_12OverSamplingE
                0x080061dc      0x41c ../../libDaisy//build\libdaisy.a(adc.o)
                0x080061dc                daisy::AdcHandle::Init(daisy::AdcChannelConfig*, unsigned int, daisy::AdcHandle::OverSampling)
 .text._ZN5daisy9AdcHandle5StartEv
                0x080065f8       0x2c ../../libDaisy//build\libdaisy.a(adc.o)
                0x080065f8                daisy::AdcHandle::Start()
 .text._ZNK5daisy9AdcHandle8GetFloatEh
                0x08006624       0x20 ../../libDaisy//build\libdaisy.a(adc.o)
                0x08006624                daisy::AdcHandle::GetFloat(unsigned char) const
 .text.HAL_ADC_MspInit
                0x08006644       0x98 ../../libDaisy//build\libdaisy.a(adc.o)
                0x08006644                HAL_ADC_MspInit
 .text.DMA1_Stream2_IRQHandler
                0x080066dc        0xc ../../libDaisy//build\libdaisy.a(adc.o)
                0x080066dc                DMA1_Stream2_IRQHandler
 .text.HAL_ADC_ConvCpltCallback
                0x080066e8      0x148 ../../libDaisy//build\libdaisy.a(adc.o)
                0x080066e8                HAL_ADC_ConvCpltCallback
 .text.HAL_ADC_ErrorCallback
                0x08006830        0x4 ../../libDaisy//build\libdaisy.a(adc.o)
                0x08006830                HAL_ADC_ErrorCallback
 .text._ZN5daisy4GPIO4InitENS_3PinENS0_4ModeENS0_4PullENS0_5SpeedE
                0x08006834      0x1cc ../../libDaisy//build\libdaisy.a(gpio.o)
                0x08006834                daisy::GPIO::Init(daisy::Pin, daisy::GPIO::Mode, daisy::GPIO::Pull, daisy::GPIO::Speed)
 .text._ZN5daisy4GPIO4ReadEv
                0x08006a00       0x18 ../../libDaisy//build\libdaisy.a(gpio.o)
                0x08006a00                daisy::GPIO::Read()
 .text._ZN5daisy4GPIO5WriteEb
                0x08006a18       0x14 ../../libDaisy//build\libdaisy.a(gpio.o)
                0x08006a18                daisy::GPIO::Write(bool)
 .text.dsy_gpio_init
                0x08006a2c      0x1b8 ../../libDaisy//build\libdaisy.a(gpio.o)
                0x08006a2c                dsy_gpio_init
 .text.dsy_gpio_read
                0x08006be4       0x1c ../../libDaisy//build\libdaisy.a(gpio.o)
                0x08006be4                dsy_gpio_read
 .text.dsy_gpio_write
                0x08006c00       0x24 ../../libDaisy//build\libdaisy.a(gpio.o)
                0x08006c00                dsy_gpio_write
 .text._ZN5daisy9I2CHandle4Impl8InitPinsEv
                0x08006c24       0x58 ../../libDaisy//build\libdaisy.a(i2c.o)
                0x08006c24                daisy::I2CHandle::Impl::InitPins()
 .text.HAL_I2C_MspInit
                0x08006c7c      0x1b4 ../../libDaisy//build\libdaisy.a(i2c.o)
                0x08006c7c                HAL_I2C_MspInit
 .text.dsy_i2c_global_init
                0x08006e30       0x78 ../../libDaisy//build\libdaisy.a(i2c.o)
                0x08006e30                dsy_i2c_global_init
 .text.DMA1_Stream6_IRQHandler
                0x08006ea8       0x34 ../../libDaisy//build\libdaisy.a(i2c.o)
                0x08006ea8                DMA1_Stream6_IRQHandler
 .text.I2C1_EV_IRQHandler
                0x08006edc        0xc ../../libDaisy//build\libdaisy.a(i2c.o)
                0x08006edc                I2C1_EV_IRQHandler
 .text.I2C2_EV_IRQHandler
                0x08006ee8        0xc ../../libDaisy//build\libdaisy.a(i2c.o)
                0x08006ee8                I2C2_EV_IRQHandler
 .text.I2C3_EV_IRQHandler
                0x08006ef4        0xc ../../libDaisy//build\libdaisy.a(i2c.o)
                0x08006ef4                I2C3_EV_IRQHandler
 .text._ZN5daisy9I2CHandle4InitERKNS0_6ConfigE
                0x08006f00      0x12c ../../libDaisy//build\libdaisy.a(i2c.o)
                0x08006f00                daisy::I2CHandle::Init(daisy::I2CHandle::Config const&)
 .text._ZN5daisy9I2CHandle16TransmitBlockingEtPhtm
                0x0800702c       0x50 ../../libDaisy//build\libdaisy.a(i2c.o)
                0x0800702c                daisy::I2CHandle::TransmitBlocking(unsigned short, unsigned char*, unsigned short, unsigned long)
 .text._ZN5daisy9I2CHandle15ReceiveBlockingEtPhtm
                0x0800707c       0x50 ../../libDaisy//build\libdaisy.a(i2c.o)
                0x0800707c                daisy::I2CHandle::ReceiveBlocking(unsigned short, unsigned char*, unsigned short, unsigned long)
 .text.startup._GLOBAL__sub_I__ZN5daisy9I2CHandle4Impl10GlobalInitEv
                0x080070cc       0x18 ../../libDaisy//build\libdaisy.a(i2c.o)
 .text._ZN5daisy10QSPIHandle4Impl11WriteEnableEv
                0x080070e4       0x8c ../../libDaisy//build\libdaisy.a(qspi.o)
                0x080070e4                daisy::QSPIHandle::Impl::WriteEnable()
 .text._ZN5daisy10QSPIHandle4Impl17DummyCyclesConfigENS0_6Config6DeviceE
                0x08007170      0x118 ../../libDaisy//build\libdaisy.a(qspi.o)
                0x08007170                daisy::QSPIHandle::Impl::DummyCyclesConfig(daisy::QSPIHandle::Config::Device)
 .text._ZN5daisy10QSPIHandle4Impl10QuadEnableEv
                0x08007288      0x158 ../../libDaisy//build\libdaisy.a(qspi.o)
                0x08007288                daisy::QSPIHandle::Impl::QuadEnable()
 .text._ZN5daisy10QSPIHandle4InitERKNS0_6ConfigE
                0x080073e0      0x198 ../../libDaisy//build\libdaisy.a(qspi.o)
                0x080073e0                daisy::QSPIHandle::Init(daisy::QSPIHandle::Config const&)
 .text.HAL_QSPI_MspInit
                0x08007578      0x11c ../../libDaisy//build\libdaisy.a(qspi.o)
                0x08007578                HAL_QSPI_MspInit
 .text.HAL_QSPI_MspDeInit
                0x08007694       0x54 ../../libDaisy//build\libdaisy.a(qspi.o)
                0x08007694                HAL_QSPI_MspDeInit
 .text.QUADSPI_IRQHandler
                0x080076e8        0xc ../../libDaisy//build\libdaisy.a(qspi.o)
                0x080076e8                QUADSPI_IRQHandler
 .text.startup._GLOBAL__sub_I__ZN5daisy10QSPIHandle4Impl4InitERKNS0_6ConfigE
                0x080076f4       0x28 ../../libDaisy//build\libdaisy.a(qspi.o)
 .text._ZN5daisy9SaiHandle4Impl7InitDmaENS1_15PeripheralBlockE
                0x0800771c       0xa0 ../../libDaisy//build\libdaisy.a(sai.o)
                0x0800771c                daisy::SaiHandle::Impl::InitDma(daisy::SaiHandle::Impl::PeripheralBlock)
 .text._ZN5daisy9SaiHandle4Impl8InitPinsEv
                0x080077bc       0xa8 ../../libDaisy//build\libdaisy.a(sai.o)
                0x080077bc                daisy::SaiHandle::Impl::InitPins()
 .text.HAL_SAI_MspInit
                0x08007864      0x164 ../../libDaisy//build\libdaisy.a(sai.o)
                0x08007864                HAL_SAI_MspInit
 .text.DMA1_Stream0_IRQHandler
                0x080079c8        0xc ../../libDaisy//build\libdaisy.a(sai.o)
                0x080079c8                DMA1_Stream0_IRQHandler
 .text.DMA1_Stream1_IRQHandler
                0x080079d4        0xc ../../libDaisy//build\libdaisy.a(sai.o)
                0x080079d4                DMA1_Stream1_IRQHandler
 .text.DMA1_Stream3_IRQHandler
                0x080079e0        0xc ../../libDaisy//build\libdaisy.a(sai.o)
                0x080079e0                DMA1_Stream3_IRQHandler
 .text.DMA1_Stream4_IRQHandler
                0x080079ec        0xc ../../libDaisy//build\libdaisy.a(sai.o)
                0x080079ec                DMA1_Stream4_IRQHandler
 .text.HAL_SAI_RxHalfCpltCallback
                0x080079f8       0x78 ../../libDaisy//build\libdaisy.a(sai.o)
                0x080079f8                HAL_SAI_RxHalfCpltCallback
 .text.HAL_SAI_RxCpltCallback
                0x08007a70       0x70 ../../libDaisy//build\libdaisy.a(sai.o)
                0x08007a70                HAL_SAI_RxCpltCallback
 .text._ZN5daisy9SaiHandle4InitERKNS0_6ConfigE
                0x08007ae0      0x1f0 ../../libDaisy//build\libdaisy.a(sai.o)
                0x08007ae0                daisy::SaiHandle::Init(daisy::SaiHandle::Config const&)
 .text._ZNK5daisy9SaiHandle9GetConfigEv
                0x08007cd0        0x4 ../../libDaisy//build\libdaisy.a(sai.o)
                0x08007cd0                daisy::SaiHandle::GetConfig() const
 .text._ZN5daisy9SaiHandle8StartDmaEPlS1_jPFvS1_S1_jE
                0x08007cd4       0xbc ../../libDaisy//build\libdaisy.a(sai.o)
                0x08007cd4                daisy::SaiHandle::StartDma(long*, long*, unsigned int, void (*)(long*, long*, unsigned int))
 .text._ZN5daisy9SaiHandle13GetSampleRateEv
                0x08007d90       0x24 ../../libDaisy//build\libdaisy.a(sai.o)
                0x08007d90                daisy::SaiHandle::GetSampleRate()
 .text._ZNK5daisy9SaiHandle9GetOffsetEv
                0x08007db4        0x8 ../../libDaisy//build\libdaisy.a(sai.o)
                0x08007db4                daisy::SaiHandle::GetOffset() const
 .text.HAL_TIM_Base_MspInit
                0x08007dbc      0x1e0 ../../libDaisy//build\libdaisy.a(tim.o)
                0x08007dbc                HAL_TIM_Base_MspInit
 .text.HAL_TIM_PeriodElapsedCallback
                0x08007f9c       0x44 ../../libDaisy//build\libdaisy.a(tim.o)
                0x08007f9c                HAL_TIM_PeriodElapsedCallback
 .text.TIM2_IRQHandler
                0x08007fe0        0xc ../../libDaisy//build\libdaisy.a(tim.o)
                0x08007fe0                TIM2_IRQHandler
 .text.TIM3_IRQHandler
                0x08007fec        0xc ../../libDaisy//build\libdaisy.a(tim.o)
                0x08007fec                TIM3_IRQHandler
 .text.TIM4_IRQHandler
                0x08007ff8        0xc ../../libDaisy//build\libdaisy.a(tim.o)
                0x08007ff8                TIM4_IRQHandler
 .text.TIM5_IRQHandler
                0x08008004        0xc ../../libDaisy//build\libdaisy.a(tim.o)
                0x08008004                TIM5_IRQHandler
 .text._ZN5daisy11TimerHandle4InitERKNS0_6ConfigE
                0x08008010       0xd0 ../../libDaisy//build\libdaisy.a(tim.o)
                0x08008010                daisy::TimerHandle::Init(daisy::TimerHandle::Config const&)
 .text._ZN5daisy11TimerHandle5StartEv
                0x080080e0       0x24 ../../libDaisy//build\libdaisy.a(tim.o)
                0x080080e0                daisy::TimerHandle::Start()
 .text._ZN5daisy11TimerHandle4StopEv
                0x08008104       0x14 ../../libDaisy//build\libdaisy.a(tim.o)
                0x08008104                daisy::TimerHandle::Stop()
 .text._ZN5daisy11TimerHandle12SetPrescalerEm
                0x08008118        0xc ../../libDaisy//build\libdaisy.a(tim.o)
                0x08008118                daisy::TimerHandle::SetPrescaler(unsigned long)
 .text._ZN5daisy11TimerHandle7GetTickEv
                0x08008124        0x8 ../../libDaisy//build\libdaisy.a(tim.o)
                0x08008124                daisy::TimerHandle::GetTick()
 .text._ZN5daisy11TimerHandle11SetCallbackEPFvPvES1_
                0x0800812c        0xc ../../libDaisy//build\libdaisy.a(tim.o)
                0x0800812c                daisy::TimerHandle::SetCallback(void (*)(void*), void*)
 .text.startup._GLOBAL__sub_I__ZN5daisy11TimerHandle4Impl4InitERKNS0_6ConfigE
                0x08008138       0x38 ../../libDaisy//build\libdaisy.a(tim.o)
 .text.SysTick_Handler
                0x08008170       0x10 ../../libDaisy//build\libdaisy.a(system.o)
                0x08008170                SysTick_Handler
 .text.OTG_HS_EP1_OUT_IRQHandler
                0x08008180       0x24 ../../libDaisy//build\libdaisy.a(system.o)
                0x08008180                OTG_HS_EP1_OUT_IRQHandler
 .text.OTG_HS_EP1_IN_IRQHandler
                0x080081a4       0x24 ../../libDaisy//build\libdaisy.a(system.o)
                0x080081a4                OTG_HS_EP1_IN_IRQHandler
 .text.OTG_HS_IRQHandler
                0x080081c8       0x24 ../../libDaisy//build\libdaisy.a(system.o)
                0x080081c8                OTG_HS_IRQHandler
 .text.HardFault_Handler
                0x080081ec       0xe0 ../../libDaisy//build\libdaisy.a(system.o)
                0x080081ec                HardFault_Handler
 .text._ZN5daisy6System6GetNowEv
                0x080082cc        0x4 ../../libDaisy//build\libdaisy.a(system.o)
                0x080082cc                daisy::System::GetNow()
 .text._ZN5daisy6System5DelayEm
                0x080082d0        0x4 ../../libDaisy//build\libdaisy.a(system.o)
                0x080082d0                daisy::System::Delay(unsigned long)
 .text._ZN5daisy6System20GetBootloaderVersionEv
                0x080082d4       0x34 ../../libDaisy//build\libdaisy.a(system.o)
                0x080082d4                daisy::System::GetBootloaderVersion()
 .text._ZN5daisy6System15ConfigureClocksEv
                0x08008308      0x194 ../../libDaisy//build\libdaisy.a(system.o)
                0x08008308                daisy::System::ConfigureClocks()
 .text._ZN5daisy6System12ConfigureMpuEv
                0x0800849c       0x7c ../../libDaisy//build\libdaisy.a(system.o)
                0x0800849c                daisy::System::ConfigureMpu()
 .text._ZN5daisy6System4InitERKNS0_6ConfigE
                0x08008518       0xec ../../libDaisy//build\libdaisy.a(system.o)
                0x08008518                daisy::System::Init(daisy::System::Config const&)
 .text._ZN5daisy6System12GetPClk1FreqEv
                0x08008604        0x4 ../../libDaisy//build\libdaisy.a(system.o)
                0x08008604                daisy::System::GetPClk1Freq()
 .text._ZN5daisy6System22GetProgramMemoryRegionEv
                0x08008608       0x78 ../../libDaisy//build\libdaisy.a(system.o)
                0x08008608                daisy::System::GetProgramMemoryRegion()
 .text.startup._GLOBAL__sub_I__ZN5daisy9boot_infoE
                0x08008680       0x1c ../../libDaisy//build\libdaisy.a(system.o)
 .text.SystemInit
                0x0800869c       0x9c ../../libDaisy//build\libdaisy.a(system_stm32h7xx.o)
                0x0800869c                SystemInit
 .text.CDC_Transmit_FS
                0x08008738       0x2c ../../libDaisy//build\libdaisy.a(usbd_cdc_if.o)
                0x08008738                CDC_Transmit_FS
 .text.HAL_PCD_SetupStageCallback
                0x08008764        0xc ../../libDaisy//build\libdaisy.a(usbd_conf.o)
                0x08008764                HAL_PCD_SetupStageCallback
 .text.HAL_PCD_DataOutStageCallback
                0x08008770       0x14 ../../libDaisy//build\libdaisy.a(usbd_conf.o)
                0x08008770                HAL_PCD_DataOutStageCallback
 .text.HAL_PCD_DataInStageCallback
                0x08008784       0x14 ../../libDaisy//build\libdaisy.a(usbd_conf.o)
                0x08008784                HAL_PCD_DataInStageCallback
 .text.HAL_PCD_SOFCallback
                0x08008798        0x8 ../../libDaisy//build\libdaisy.a(usbd_conf.o)
                0x08008798                HAL_PCD_SOFCallback
 .text.HAL_PCD_ResetCallback
                0x080087a0       0x24 ../../libDaisy//build\libdaisy.a(usbd_conf.o)
                0x080087a0                HAL_PCD_ResetCallback
 .text.HAL_PCD_SuspendCallback
                0x080087c4       0x30 ../../libDaisy//build\libdaisy.a(usbd_conf.o)
                0x080087c4                HAL_PCD_SuspendCallback
 .text.HAL_PCD_ResumeCallback
                0x080087f4        0x8 ../../libDaisy//build\libdaisy.a(usbd_conf.o)
                0x080087f4                HAL_PCD_ResumeCallback
 .text.HAL_PCD_ISOOUTIncompleteCallback
                0x080087fc        0x8 ../../libDaisy//build\libdaisy.a(usbd_conf.o)
                0x080087fc                HAL_PCD_ISOOUTIncompleteCallback
 .text.HAL_PCD_ISOINIncompleteCallback
                0x08008804        0x8 ../../libDaisy//build\libdaisy.a(usbd_conf.o)
                0x08008804                HAL_PCD_ISOINIncompleteCallback
 .text.HAL_PCD_ConnectCallback
                0x0800880c        0x8 ../../libDaisy//build\libdaisy.a(usbd_conf.o)
                0x0800880c                HAL_PCD_ConnectCallback
 .text.HAL_PCD_DisconnectCallback
                0x08008814        0x8 ../../libDaisy//build\libdaisy.a(usbd_conf.o)
                0x08008814                HAL_PCD_DisconnectCallback
 .text.USBD_LL_OpenEP
                0x0800881c       0x24 ../../libDaisy//build\libdaisy.a(usbd_conf.o)
                0x0800881c                USBD_LL_OpenEP
 .text.USBD_LL_StallEP
                0x08008840       0x1c ../../libDaisy//build\libdaisy.a(usbd_conf.o)
                0x08008840                USBD_LL_StallEP
 .text.USBD_LL_ClearStallEP
                0x0800885c       0x1c ../../libDaisy//build\libdaisy.a(usbd_conf.o)
                0x0800885c                USBD_LL_ClearStallEP
 .text.USBD_LL_IsStallEP
                0x08008878       0x28 ../../libDaisy//build\libdaisy.a(usbd_conf.o)
                0x08008878                USBD_LL_IsStallEP
 .text.USBD_LL_SetUSBAddress
                0x080088a0       0x1c ../../libDaisy//build\libdaisy.a(usbd_conf.o)
                0x080088a0                USBD_LL_SetUSBAddress
 .text.USBD_LL_Transmit
                0x080088bc       0x1c ../../libDaisy//build\libdaisy.a(usbd_conf.o)
                0x080088bc                USBD_LL_Transmit
 .text.USBD_LL_PrepareReceive
                0x080088d8       0x1c ../../libDaisy//build\libdaisy.a(usbd_conf.o)
                0x080088d8                USBD_LL_PrepareReceive
 .text.HAL_HCD_SOF_Callback
                0x080088f4        0x8 ../../libDaisy//build\libdaisy.a(usbh_conf.o)
                0x080088f4                HAL_HCD_SOF_Callback
 .text.HAL_HCD_Connect_Callback
                0x080088fc        0x8 ../../libDaisy//build\libdaisy.a(usbh_conf.o)
                0x080088fc                HAL_HCD_Connect_Callback
 .text.HAL_HCD_Disconnect_Callback
                0x08008904        0x8 ../../libDaisy//build\libdaisy.a(usbh_conf.o)
                0x08008904                HAL_HCD_Disconnect_Callback
 .text.HAL_HCD_HC_NotifyURBChange_Callback
                0x0800890c        0x4 ../../libDaisy//build\libdaisy.a(usbh_conf.o)
                0x0800890c                HAL_HCD_HC_NotifyURBChange_Callback
 .text.HAL_HCD_PortEnabled_Callback
                0x08008910        0x8 ../../libDaisy//build\libdaisy.a(usbh_conf.o)
                0x08008910                HAL_HCD_PortEnabled_Callback
 .text.HAL_HCD_PortDisabled_Callback
                0x08008918        0x8 ../../libDaisy//build\libdaisy.a(usbh_conf.o)
                0x08008918                HAL_HCD_PortDisabled_Callback
 .text.USBH_LL_Stop
                0x08008920       0x1c ../../libDaisy//build\libdaisy.a(usbh_conf.o)
                0x08008920                USBH_LL_Stop
 .text.dsy_hal_map_get_port
                0x0800893c       0x10 ../../libDaisy//build\libdaisy.a(hal_map.o)
                0x0800893c                dsy_hal_map_get_port
 .text.dsy_hal_map_get_pin
                0x0800894c       0x10 ../../libDaisy//build\libdaisy.a(hal_map.o)
                0x0800894c                dsy_hal_map_get_pin
 .text.dsy_hal_map_gpio_clk_enable
                0x0800895c      0x150 ../../libDaisy//build\libdaisy.a(hal_map.o)
                0x0800895c                dsy_hal_map_gpio_clk_enable
 .text.HAL_MspInit
                0x08008aac        0x4 ../../libDaisy//build\libdaisy.a(stm32h7xx_hal.o)
                0x08008aac                HAL_MspInit
 .text.HAL_InitTick
                0x08008ab0       0x4c ../../libDaisy//build\libdaisy.a(stm32h7xx_hal.o)
                0x08008ab0                HAL_InitTick
 .text.HAL_Init
                0x08008afc       0x60 ../../libDaisy//build\libdaisy.a(stm32h7xx_hal.o)
                0x08008afc                HAL_Init
 .text.HAL_IncTick
                0x08008b5c       0x18 ../../libDaisy//build\libdaisy.a(stm32h7xx_hal.o)
                0x08008b5c                HAL_IncTick
 .text.HAL_GetTick
                0x08008b74        0xc ../../libDaisy//build\libdaisy.a(stm32h7xx_hal.o)
                0x08008b74                HAL_GetTick
 .text.HAL_Delay
                0x08008b80       0x24 ../../libDaisy//build\libdaisy.a(stm32h7xx_hal.o)
                0x08008b80                HAL_Delay
 .text.HAL_GetREVID
                0x08008ba4        0xc ../../libDaisy//build\libdaisy.a(stm32h7xx_hal.o)
                0x08008ba4                HAL_GetREVID
 .text.HAL_ADC_ConvHalfCpltCallback
                0x08008bb0        0x4 ../../libDaisy//build\libdaisy.a(stm32h7xx_hal_adc.o)
                0x08008bb0                HAL_ADC_ConvHalfCpltCallback
 .text.ADC_DMAHalfConvCplt
                0x08008bb4        0xc ../../libDaisy//build\libdaisy.a(stm32h7xx_hal_adc.o)
                0x08008bb4                ADC_DMAHalfConvCplt
 .text.ADC_DMAConvCplt
                0x08008bc0       0x6c ../../libDaisy//build\libdaisy.a(stm32h7xx_hal_adc.o)
                0x08008bc0                ADC_DMAConvCplt
 .text.ADC_DMAError
                0x08008c2c       0x1c ../../libDaisy//build\libdaisy.a(stm32h7xx_hal_adc.o)
                0x08008c2c                ADC_DMAError
 .text.HAL_ADC_ConfigChannel
                0x08008c48      0x3fc ../../libDaisy//build\libdaisy.a(stm32h7xx_hal_adc.o)
                0x08008c48                HAL_ADC_ConfigChannel
 .text.ADC_Enable
                0x08009044       0xac ../../libDaisy//build\libdaisy.a(stm32h7xx_hal_adc.o)
                0x08009044                ADC_Enable
 .text.HAL_ADC_Start_DMA
                0x080090f0      0x114 ../../libDaisy//build\libdaisy.a(stm32h7xx_hal_adc.o)
                0x080090f0                HAL_ADC_Start_DMA
 .text.ADC_Disable
                0x08009204       0x68 ../../libDaisy//build\libdaisy.a(stm32h7xx_hal_adc.o)
                0x08009204                ADC_Disable
 .text.ADC_ConfigureBoostMode
                0x0800926c      0x184 ../../libDaisy//build\libdaisy.a(stm32h7xx_hal_adc.o)
                0x0800926c                ADC_ConfigureBoostMode
 .text.HAL_ADC_Init
                0x080093f0      0x218 ../../libDaisy//build\libdaisy.a(stm32h7xx_hal_adc.o)
                0x080093f0                HAL_ADC_Init
 .text.HAL_ADCEx_Calibration_Start
                0x08009608       0xa4 ../../libDaisy//build\libdaisy.a(stm32h7xx_hal_adc_ex.o)
                0x08009608                HAL_ADCEx_Calibration_Start
 .text.HAL_ADCEx_MultiModeConfigChannel
                0x080096ac       0xc4 ../../libDaisy//build\libdaisy.a(stm32h7xx_hal_adc_ex.o)
                0x080096ac                HAL_ADCEx_MultiModeConfigChannel
 .text.HAL_NVIC_SetPriorityGrouping
                0x08009770       0x24 ../../libDaisy//build\libdaisy.a(stm32h7xx_hal_cortex.o)
                0x08009770                HAL_NVIC_SetPriorityGrouping
 .text.HAL_NVIC_SetPriority
                0x08009794       0x7c ../../libDaisy//build\libdaisy.a(stm32h7xx_hal_cortex.o)
                0x08009794                HAL_NVIC_SetPriority
 .text.HAL_NVIC_EnableIRQ
                0x08009810       0x1c ../../libDaisy//build\libdaisy.a(stm32h7xx_hal_cortex.o)
                0x08009810                HAL_NVIC_EnableIRQ
 .text.HAL_NVIC_DisableIRQ
                0x0800982c       0x28 ../../libDaisy//build\libdaisy.a(stm32h7xx_hal_cortex.o)
                0x0800982c                HAL_NVIC_DisableIRQ
 .text.HAL_SYSTICK_Config
                0x08009854       0x2c ../../libDaisy//build\libdaisy.a(stm32h7xx_hal_cortex.o)
                0x08009854                HAL_SYSTICK_Config
 .text.HAL_MPU_Disable
                0x08009880       0x1c ../../libDaisy//build\libdaisy.a(stm32h7xx_hal_cortex.o)
                0x08009880                HAL_MPU_Disable
 .text.HAL_MPU_Enable
                0x0800989c       0x20 ../../libDaisy//build\libdaisy.a(stm32h7xx_hal_cortex.o)
                0x0800989c                HAL_MPU_Enable
 .text.HAL_MPU_ConfigRegion
                0x080098bc       0x64 ../../libDaisy//build\libdaisy.a(stm32h7xx_hal_cortex.o)
                0x080098bc                HAL_MPU_ConfigRegion
 .text.HAL_SYSTICK_Callback
                0x08009920        0x4 ../../libDaisy//build\libdaisy.a(stm32h7xx_hal_cortex.o)
                0x08009920                HAL_SYSTICK_Callback
 .text.HAL_SYSTICK_IRQHandler
                0x08009924        0x8 ../../libDaisy//build\libdaisy.a(stm32h7xx_hal_cortex.o)
                0x08009924                HAL_SYSTICK_IRQHandler
 .text.DMA_CalcBaseAndBitshift
                0x0800992c       0xf4 ../../libDaisy//build\libdaisy.a(stm32h7xx_hal_dma.o)
 .text.DMA_CalcDMAMUXChannelBaseAndMask
                0x08009a20       0xd8 ../../libDaisy//build\libdaisy.a(stm32h7xx_hal_dma.o)
 .text.HAL_DMA_Init
                0x08009af8      0x37c ../../libDaisy//build\libdaisy.a(stm32h7xx_hal_dma.o)
                0x08009af8                HAL_DMA_Init
 .text.HAL_DMA_Start_IT
                0x08009e74      0x240 ../../libDaisy//build\libdaisy.a(stm32h7xx_hal_dma.o)
                0x08009e74                HAL_DMA_Start_IT
 .text.HAL_DMA_Abort_IT
                0x0800a0b4      0x134 ../../libDaisy//build\libdaisy.a(stm32h7xx_hal_dma.o)
                0x0800a0b4                HAL_DMA_Abort_IT
 .text.HAL_DMA_IRQHandler
                0x0800a1e8      0x6a0 ../../libDaisy//build\libdaisy.a(stm32h7xx_hal_dma.o)
                0x0800a1e8                HAL_DMA_IRQHandler
 .text.HAL_DMA_GetError
                0x0800a888        0x4 ../../libDaisy//build\libdaisy.a(stm32h7xx_hal_dma.o)
                0x0800a888                HAL_DMA_GetError
 .text.HAL_GPIO_Init
                0x0800a88c      0x280 ../../libDaisy//build\libdaisy.a(stm32h7xx_hal_gpio.o)
                0x0800a88c                HAL_GPIO_Init
 .text.HAL_GPIO_DeInit
                0x0800ab0c      0x190 ../../libDaisy//build\libdaisy.a(stm32h7xx_hal_gpio.o)
                0x0800ab0c                HAL_GPIO_DeInit
 .text.HAL_GPIO_ReadPin
                0x0800ac9c        0xc ../../libDaisy//build\libdaisy.a(stm32h7xx_hal_gpio.o)
                0x0800ac9c                HAL_GPIO_ReadPin
 .text.HAL_GPIO_WritePin
                0x0800aca8        0x8 ../../libDaisy//build\libdaisy.a(stm32h7xx_hal_gpio.o)
                0x0800aca8                HAL_GPIO_WritePin
 .text.HAL_HCD_IRQHandler
                0x0800acb0      0x780 ../../libDaisy//build\libdaisy.a(stm32h7xx_hal_hcd.o)
                0x0800acb0                HAL_HCD_IRQHandler
 .text.HAL_HCD_Stop
                0x0800b430       0x28 ../../libDaisy//build\libdaisy.a(stm32h7xx_hal_hcd.o)
                0x0800b430                HAL_HCD_Stop
 .text.I2C_WaitOnRXNEFlagUntilTimeout
                0x0800b458      0x100 ../../libDaisy//build\libdaisy.a(stm32h7xx_hal_i2c.o)
 .text.I2C_WaitOnTXISFlagUntilTimeout
                0x0800b558       0xb8 ../../libDaisy//build\libdaisy.a(stm32h7xx_hal_i2c.o)
 .text.I2C_WaitOnSTOPFlagUntilTimeout
                0x0800b610       0xac ../../libDaisy//build\libdaisy.a(stm32h7xx_hal_i2c.o)
 .text.HAL_I2C_Init
                0x0800b6bc       0xac ../../libDaisy//build\libdaisy.a(stm32h7xx_hal_i2c.o)
                0x0800b6bc                HAL_I2C_Init
 .text.HAL_I2C_Master_Transmit
                0x0800b768      0x1a8 ../../libDaisy//build\libdaisy.a(stm32h7xx_hal_i2c.o)
                0x0800b768                HAL_I2C_Master_Transmit
 .text.HAL_I2C_Master_Receive
                0x0800b910      0x1ac ../../libDaisy//build\libdaisy.a(stm32h7xx_hal_i2c.o)
                0x0800b910                HAL_I2C_Master_Receive
 .text.HAL_I2C_Slave_Transmit
                0x0800babc      0x1c8 ../../libDaisy//build\libdaisy.a(stm32h7xx_hal_i2c.o)
                0x0800babc                HAL_I2C_Slave_Transmit
 .text.HAL_I2C_Slave_Receive
                0x0800bc84      0x1a4 ../../libDaisy//build\libdaisy.a(stm32h7xx_hal_i2c.o)
                0x0800bc84                HAL_I2C_Slave_Receive
 .text.HAL_I2C_EV_IRQHandler
                0x0800be28       0x10 ../../libDaisy//build\libdaisy.a(stm32h7xx_hal_i2c.o)
                0x0800be28                HAL_I2C_EV_IRQHandler
 .text.HAL_I2C_GetState
                0x0800be38        0x8 ../../libDaisy//build\libdaisy.a(stm32h7xx_hal_i2c.o)
                0x0800be38                HAL_I2C_GetState
 .text.HAL_I2CEx_ConfigAnalogFilter
                0x0800be40       0x54 ../../libDaisy//build\libdaisy.a(stm32h7xx_hal_i2c_ex.o)
                0x0800be40                HAL_I2CEx_ConfigAnalogFilter
 .text.HAL_I2CEx_ConfigDigitalFilter
                0x0800be94       0x58 ../../libDaisy//build\libdaisy.a(stm32h7xx_hal_i2c_ex.o)
                0x0800be94                HAL_I2CEx_ConfigDigitalFilter
 .text.HAL_PCD_IRQHandler
                0x0800beec      0x69c ../../libDaisy//build\libdaisy.a(stm32h7xx_hal_pcd.o)
                0x0800beec                HAL_PCD_IRQHandler
 .text.HAL_PCD_SetAddress
                0x0800c588       0x2c ../../libDaisy//build\libdaisy.a(stm32h7xx_hal_pcd.o)
                0x0800c588                HAL_PCD_SetAddress
 .text.HAL_PCD_EP_Open
                0x0800c5b4       0x7c ../../libDaisy//build\libdaisy.a(stm32h7xx_hal_pcd.o)
                0x0800c5b4                HAL_PCD_EP_Open
 .text.HAL_PCD_EP_Receive
                0x0800c630       0x50 ../../libDaisy//build\libdaisy.a(stm32h7xx_hal_pcd.o)
                0x0800c630                HAL_PCD_EP_Receive
 .text.HAL_PCD_EP_Transmit
                0x0800c680       0x50 ../../libDaisy//build\libdaisy.a(stm32h7xx_hal_pcd.o)
                0x0800c680                HAL_PCD_EP_Transmit
 .text.HAL_PCD_EP_SetStall
                0x0800c6d0       0x88 ../../libDaisy//build\libdaisy.a(stm32h7xx_hal_pcd.o)
                0x0800c6d0                HAL_PCD_EP_SetStall
 .text.HAL_PCD_EP_ClrStall
                0x0800c758       0x78 ../../libDaisy//build\libdaisy.a(stm32h7xx_hal_pcd.o)
                0x0800c758                HAL_PCD_EP_ClrStall
 .text.HAL_PCDEx_LPM_Callback
                0x0800c7d0        0x4 ../../libDaisy//build\libdaisy.a(stm32h7xx_hal_pcd_ex.o)
                0x0800c7d0                HAL_PCDEx_LPM_Callback
 .text.HAL_PWREx_ConfigSupply
                0x0800c7d4       0x4c ../../libDaisy//build\libdaisy.a(stm32h7xx_hal_pwr_ex.o)
                0x0800c7d4                HAL_PWREx_ConfigSupply
 .text.HAL_PWREx_EnableUSBVoltageDetector
                0x0800c820       0x10 ../../libDaisy//build\libdaisy.a(stm32h7xx_hal_pwr_ex.o)
                0x0800c820                HAL_PWREx_EnableUSBVoltageDetector
 .text.QSPI_Config
                0x0800c830      0x174 ../../libDaisy//build\libdaisy.a(stm32h7xx_hal_qspi.o)
 .text.HAL_QSPI_Init
                0x0800c9a4       0xd8 ../../libDaisy//build\libdaisy.a(stm32h7xx_hal_qspi.o)
                0x0800c9a4                HAL_QSPI_Init
 .text.HAL_QSPI_DeInit
                0x0800ca7c       0x3c ../../libDaisy//build\libdaisy.a(stm32h7xx_hal_qspi.o)
                0x0800ca7c                HAL_QSPI_DeInit
 .text.HAL_QSPI_Command
                0x0800cab8       0xd4 ../../libDaisy//build\libdaisy.a(stm32h7xx_hal_qspi.o)
                0x0800cab8                HAL_QSPI_Command
 .text.HAL_QSPI_Transmit
                0x0800cb8c       0xfc ../../libDaisy//build\libdaisy.a(stm32h7xx_hal_qspi.o)
                0x0800cb8c                HAL_QSPI_Transmit
 .text.HAL_QSPI_Receive
                0x0800cc88      0x108 ../../libDaisy//build\libdaisy.a(stm32h7xx_hal_qspi.o)
                0x0800cc88                HAL_QSPI_Receive
 .text.HAL_QSPI_AutoPolling
                0x0800cd90       0xf0 ../../libDaisy//build\libdaisy.a(stm32h7xx_hal_qspi.o)
                0x0800cd90                HAL_QSPI_AutoPolling
 .text.HAL_QSPI_MemoryMapped
                0x0800ce80       0xc0 ../../libDaisy//build\libdaisy.a(stm32h7xx_hal_qspi.o)
                0x0800ce80                HAL_QSPI_MemoryMapped
 .text.HAL_QSPI_ErrorCallback
                0x0800cf40        0x4 ../../libDaisy//build\libdaisy.a(stm32h7xx_hal_qspi.o)
                0x0800cf40                HAL_QSPI_ErrorCallback
 .text.QSPI_DMAAbortCplt
                0x0800cf44       0x38 ../../libDaisy//build\libdaisy.a(stm32h7xx_hal_qspi.o)
 .text.HAL_QSPI_AbortCpltCallback
                0x0800cf7c        0x4 ../../libDaisy//build\libdaisy.a(stm32h7xx_hal_qspi.o)
                0x0800cf7c                HAL_QSPI_AbortCpltCallback
 .text.HAL_QSPI_CmdCpltCallback
                0x0800cf80        0x4 ../../libDaisy//build\libdaisy.a(stm32h7xx_hal_qspi.o)
                0x0800cf80                HAL_QSPI_CmdCpltCallback
 .text.HAL_QSPI_RxCpltCallback
                0x0800cf84        0x4 ../../libDaisy//build\libdaisy.a(stm32h7xx_hal_qspi.o)
                0x0800cf84                HAL_QSPI_RxCpltCallback
 .text.HAL_QSPI_TxCpltCallback
                0x0800cf88        0x4 ../../libDaisy//build\libdaisy.a(stm32h7xx_hal_qspi.o)
                0x0800cf88                HAL_QSPI_TxCpltCallback
 .text.HAL_QSPI_FifoThresholdCallback
                0x0800cf8c        0x4 ../../libDaisy//build\libdaisy.a(stm32h7xx_hal_qspi.o)
                0x0800cf8c                HAL_QSPI_FifoThresholdCallback
 .text.HAL_QSPI_StatusMatchCallback
                0x0800cf90        0x4 ../../libDaisy//build\libdaisy.a(stm32h7xx_hal_qspi.o)
                0x0800cf90                HAL_QSPI_StatusMatchCallback
 .text.HAL_QSPI_TimeOutCallback
                0x0800cf94        0x4 ../../libDaisy//build\libdaisy.a(stm32h7xx_hal_qspi.o)
                0x0800cf94                HAL_QSPI_TimeOutCallback
 .text.HAL_QSPI_IRQHandler
                0x0800cf98      0x210 ../../libDaisy//build\libdaisy.a(stm32h7xx_hal_qspi.o)
                0x0800cf98                HAL_QSPI_IRQHandler
 .text.HAL_RCC_OscConfig
                0x0800d1a8      0x51c ../../libDaisy//build\libdaisy.a(stm32h7xx_hal_rcc.o)
                0x0800d1a8                HAL_RCC_OscConfig
 .text.HAL_RCC_GetSysClockFreq
                0x0800d6c4      0x140 ../../libDaisy//build\libdaisy.a(stm32h7xx_hal_rcc.o)
                0x0800d6c4                HAL_RCC_GetSysClockFreq
 .text.HAL_RCC_ClockConfig
                0x0800d804      0x234 ../../libDaisy//build\libdaisy.a(stm32h7xx_hal_rcc.o)
                0x0800d804                HAL_RCC_ClockConfig
 .text.HAL_RCC_GetHCLKFreq
                0x0800da38       0x2c ../../libDaisy//build\libdaisy.a(stm32h7xx_hal_rcc.o)
                0x0800da38                HAL_RCC_GetHCLKFreq
 .text.HAL_RCC_GetPCLK1Freq
                0x0800da64       0x38 ../../libDaisy//build\libdaisy.a(stm32h7xx_hal_rcc.o)
                0x0800da64                HAL_RCC_GetPCLK1Freq
 .text.HAL_RCC_GetPCLK2Freq
                0x0800da9c       0x38 ../../libDaisy//build\libdaisy.a(stm32h7xx_hal_rcc.o)
                0x0800da9c                HAL_RCC_GetPCLK2Freq
 .text.RCCEx_PLL2_Config
                0x0800dad4       0xf4 ../../libDaisy//build\libdaisy.a(stm32h7xx_hal_rcc_ex.o)
 .text.RCCEx_PLL3_Config
                0x0800dbc8       0xf4 ../../libDaisy//build\libdaisy.a(stm32h7xx_hal_rcc_ex.o)
 .text.HAL_RCCEx_PeriphCLKConfig
                0x0800dcbc      0xa7c ../../libDaisy//build\libdaisy.a(stm32h7xx_hal_rcc_ex.o)
                0x0800dcbc                HAL_RCCEx_PeriphCLKConfig
 .text.HAL_RCCEx_GetD3PCLK1Freq
                0x0800e738       0x24 ../../libDaisy//build\libdaisy.a(stm32h7xx_hal_rcc_ex.o)
                0x0800e738                HAL_RCCEx_GetD3PCLK1Freq
 .text.HAL_RCCEx_GetPLL2ClockFreq
                0x0800e75c      0x17c ../../libDaisy//build\libdaisy.a(stm32h7xx_hal_rcc_ex.o)
                0x0800e75c                HAL_RCCEx_GetPLL2ClockFreq
 .text.HAL_RCCEx_GetPLL3ClockFreq
                0x0800e8d8      0x17c ../../libDaisy//build\libdaisy.a(stm32h7xx_hal_rcc_ex.o)
                0x0800e8d8                HAL_RCCEx_GetPLL3ClockFreq
 .text.HAL_RCCEx_GetPLL1ClockFreq
                0x0800ea54      0x17c ../../libDaisy//build\libdaisy.a(stm32h7xx_hal_rcc_ex.o)
                0x0800ea54                HAL_RCCEx_GetPLL1ClockFreq
 .text.HAL_RCCEx_GetPeriphCLKFreq
                0x0800ebd0      0x198 ../../libDaisy//build\libdaisy.a(stm32h7xx_hal_rcc_ex.o)
                0x0800ebd0                HAL_RCCEx_GetPeriphCLKFreq
 .text.HAL_RCCEx_GetD1SysClockFreq
                0x0800ed68       0x2c ../../libDaisy//build\libdaisy.a(stm32h7xx_hal_rcc_ex.o)
                0x0800ed68                HAL_RCCEx_GetD1SysClockFreq
 .text.HAL_SAI_Init.part.0
                0x0800ed94      0x348 ../../libDaisy//build\libdaisy.a(stm32h7xx_hal_sai.o)
 .text.HAL_SAI_InitProtocol
                0x0800f0dc      0x178 ../../libDaisy//build\libdaisy.a(stm32h7xx_hal_sai.o)
                0x0800f0dc                HAL_SAI_InitProtocol
 .text.HAL_SAI_Transmit_DMA
                0x0800f254      0x124 ../../libDaisy//build\libdaisy.a(stm32h7xx_hal_sai.o)
                0x0800f254                HAL_SAI_Transmit_DMA
 .text.HAL_SAI_Receive_DMA
                0x0800f378       0xd0 ../../libDaisy//build\libdaisy.a(stm32h7xx_hal_sai.o)
                0x0800f378                HAL_SAI_Receive_DMA
 .text.HAL_SAI_TxCpltCallback
                0x0800f448        0x4 ../../libDaisy//build\libdaisy.a(stm32h7xx_hal_sai.o)
                0x0800f448                HAL_SAI_TxCpltCallback
 .text.SAI_DMATxCplt
                0x0800f44c       0x64 ../../libDaisy//build\libdaisy.a(stm32h7xx_hal_sai.o)
 .text.HAL_SAI_TxHalfCpltCallback
                0x0800f4b0        0x4 ../../libDaisy//build\libdaisy.a(stm32h7xx_hal_sai.o)
                0x0800f4b0                HAL_SAI_TxHalfCpltCallback
 .text.SAI_DMATxHalfCplt
                0x0800f4b4        0xc ../../libDaisy//build\libdaisy.a(stm32h7xx_hal_sai.o)
 .text.SAI_DMARxCplt
                0x0800f4c0       0x64 ../../libDaisy//build\libdaisy.a(stm32h7xx_hal_sai.o)
 .text.SAI_DMARxHalfCplt
                0x0800f524        0xc ../../libDaisy//build\libdaisy.a(stm32h7xx_hal_sai.o)
 .text.HAL_SAI_ErrorCallback
                0x0800f530        0x4 ../../libDaisy//build\libdaisy.a(stm32h7xx_hal_sai.o)
                0x0800f530                HAL_SAI_ErrorCallback
 .text.SAI_DMAError
                0x0800f534       0x6c ../../libDaisy//build\libdaisy.a(stm32h7xx_hal_sai.o)
 .text.HAL_SDRAM_Init
                0x0800f5a0       0x54 ../../libDaisy//build\libdaisy.a(stm32h7xx_hal_sdram.o)
                0x0800f5a0                HAL_SDRAM_Init
 .text.HAL_SDRAM_SendCommand
                0x0800f5f4       0x40 ../../libDaisy//build\libdaisy.a(stm32h7xx_hal_sdram.o)
                0x0800f5f4                HAL_SDRAM_SendCommand
 .text.HAL_SDRAM_ProgramRefreshRate
                0x0800f634       0x30 ../../libDaisy//build\libdaisy.a(stm32h7xx_hal_sdram.o)
                0x0800f634                HAL_SDRAM_ProgramRefreshRate
 .text.HAL_TIM_Base_Init
                0x0800f664      0x140 ../../libDaisy//build\libdaisy.a(stm32h7xx_hal_tim.o)
                0x0800f664                HAL_TIM_Base_Init
 .text.HAL_TIM_Base_Start
                0x0800f7a4       0x34 ../../libDaisy//build\libdaisy.a(stm32h7xx_hal_tim.o)
                0x0800f7a4                HAL_TIM_Base_Start
 .text.HAL_TIM_Base_Stop
                0x0800f7d8       0x34 ../../libDaisy//build\libdaisy.a(stm32h7xx_hal_tim.o)
                0x0800f7d8                HAL_TIM_Base_Stop
 .text.HAL_TIM_Base_Start_IT
                0x0800f80c       0x2c ../../libDaisy//build\libdaisy.a(stm32h7xx_hal_tim.o)
                0x0800f80c                HAL_TIM_Base_Start_IT
 .text.HAL_TIM_ConfigClockSource
                0x0800f838      0x17c ../../libDaisy//build\libdaisy.a(stm32h7xx_hal_tim.o)
                0x0800f838                HAL_TIM_ConfigClockSource
 .text.HAL_TIM_OC_DelayElapsedCallback
                0x0800f9b4        0x4 ../../libDaisy//build\libdaisy.a(stm32h7xx_hal_tim.o)
                0x0800f9b4                HAL_TIM_OC_DelayElapsedCallback
 .text.HAL_TIM_IC_CaptureCallback
                0x0800f9b8        0x4 ../../libDaisy//build\libdaisy.a(stm32h7xx_hal_tim.o)
                0x0800f9b8                HAL_TIM_IC_CaptureCallback
 .text.HAL_TIM_PWM_PulseFinishedCallback
                0x0800f9bc        0x4 ../../libDaisy//build\libdaisy.a(stm32h7xx_hal_tim.o)
                0x0800f9bc                HAL_TIM_PWM_PulseFinishedCallback
 .text.HAL_TIM_TriggerCallback
                0x0800f9c0        0x4 ../../libDaisy//build\libdaisy.a(stm32h7xx_hal_tim.o)
                0x0800f9c0                HAL_TIM_TriggerCallback
 .text.HAL_TIM_IRQHandler
                0x0800f9c4      0x170 ../../libDaisy//build\libdaisy.a(stm32h7xx_hal_tim.o)
                0x0800f9c4                HAL_TIM_IRQHandler
 .text.HAL_TIMEx_MasterConfigSynchronization
                0x0800fb34       0x64 ../../libDaisy//build\libdaisy.a(stm32h7xx_hal_tim_ex.o)
                0x0800fb34                HAL_TIMEx_MasterConfigSynchronization
 .text.HAL_TIMEx_CommutCallback
                0x0800fb98        0x4 ../../libDaisy//build\libdaisy.a(stm32h7xx_hal_tim_ex.o)
                0x0800fb98                HAL_TIMEx_CommutCallback
 .text.HAL_TIMEx_BreakCallback
                0x0800fb9c        0x4 ../../libDaisy//build\libdaisy.a(stm32h7xx_hal_tim_ex.o)
                0x0800fb9c                HAL_TIMEx_BreakCallback
 .text.HAL_TIMEx_Break2Callback
                0x0800fba0        0x4 ../../libDaisy//build\libdaisy.a(stm32h7xx_hal_tim_ex.o)
                0x0800fba0                HAL_TIMEx_Break2Callback
 .text.FMC_SDRAM_Init
                0x0800fba4       0x7c ../../libDaisy//build\libdaisy.a(stm32h7xx_ll_fmc.o)
                0x0800fba4                FMC_SDRAM_Init
 .text.FMC_SDRAM_Timing_Init
                0x0800fc20       0x98 ../../libDaisy//build\libdaisy.a(stm32h7xx_ll_fmc.o)
                0x0800fc20                FMC_SDRAM_Timing_Init
 .text.FMC_SDRAM_SendCommand
                0x0800fcb8       0x28 ../../libDaisy//build\libdaisy.a(stm32h7xx_ll_fmc.o)
                0x0800fcb8                FMC_SDRAM_SendCommand
 .text.FMC_SDRAM_ProgramRefreshRate
                0x0800fce0       0x1c ../../libDaisy//build\libdaisy.a(stm32h7xx_ll_fmc.o)
                0x0800fce0                FMC_SDRAM_ProgramRefreshRate
 .text.USB_SetTurnaroundTime
                0x0800fcfc      0x104 ../../libDaisy//build\libdaisy.a(stm32h7xx_ll_usb.o)
                0x0800fcfc                USB_SetTurnaroundTime
 .text.USB_FlushTxFifo
                0x0800fe00       0x34 ../../libDaisy//build\libdaisy.a(stm32h7xx_ll_usb.o)
                0x0800fe00                USB_FlushTxFifo
 .text.USB_GetDevSpeed
                0x0800fe34       0x24 ../../libDaisy//build\libdaisy.a(stm32h7xx_ll_usb.o)
                0x0800fe34                USB_GetDevSpeed
 .text.USB_ActivateEndpoint
                0x0800fe58       0x90 ../../libDaisy//build\libdaisy.a(stm32h7xx_ll_usb.o)
                0x0800fe58                USB_ActivateEndpoint
 .text.USB_EPStartXfer
                0x0800fee8      0x230 ../../libDaisy//build\libdaisy.a(stm32h7xx_ll_usb.o)
                0x0800fee8                USB_EPStartXfer
 .text.USB_EP0StartXfer
                0x08010118      0x174 ../../libDaisy//build\libdaisy.a(stm32h7xx_ll_usb.o)
                0x08010118                USB_EP0StartXfer
 .text.USB_WritePacket
                0x0801028c       0x2c ../../libDaisy//build\libdaisy.a(stm32h7xx_ll_usb.o)
                0x0801028c                USB_WritePacket
 .text.USB_ReadPacket
                0x080102b8       0x20 ../../libDaisy//build\libdaisy.a(stm32h7xx_ll_usb.o)
                0x080102b8                USB_ReadPacket
 .text.USB_EPSetStall
                0x080102d8       0x68 ../../libDaisy//build\libdaisy.a(stm32h7xx_ll_usb.o)
                0x080102d8                USB_EPSetStall
 .text.USB_EPClearStall
                0x08010340       0x58 ../../libDaisy//build\libdaisy.a(stm32h7xx_ll_usb.o)
                0x08010340                USB_EPClearStall
 .text.USB_SetDevAddress
                0x08010398       0x24 ../../libDaisy//build\libdaisy.a(stm32h7xx_ll_usb.o)
                0x08010398                USB_SetDevAddress
 .text.USB_ReadInterrupts
                0x080103bc       0x14 ../../libDaisy//build\libdaisy.a(stm32h7xx_ll_usb.o)
                0x080103bc                USB_ReadInterrupts
 .text.USB_ReadDevAllOutEpInterrupt
                0x080103d0       0x1c ../../libDaisy//build\libdaisy.a(stm32h7xx_ll_usb.o)
                0x080103d0                USB_ReadDevAllOutEpInterrupt
 .text.USB_ReadDevAllInEpInterrupt
                0x080103ec       0x1c ../../libDaisy//build\libdaisy.a(stm32h7xx_ll_usb.o)
                0x080103ec                USB_ReadDevAllInEpInterrupt
 .text.USB_ReadDevOutEPInterrupt